Archive member included to satisfy reference by file (symbol)

C:\Users\enzog\Documents\MCUXpressoIDE_11.10.0_3148\workspace\CMSISv2p00_LPC17xx\Debug\libCMSISv2p00_LPC17xx.a(lpc17xx_gpio.o)
                              ./src/main.o (GPIO_SetDir)
C:\Users\enzog\Documents\MCUXpressoIDE_11.10.0_3148\workspace\CMSISv2p00_LPC17xx\Debug\libCMSISv2p00_LPC17xx.a(lpc17xx_pinsel.o)
                              ./src/main.o (PINSEL_ConfigPin)
C:\Users\enzog\Documents\MCUXpressoIDE_11.10.0_3148\workspace\CMSISv2p00_LPC17xx\Debug\libCMSISv2p00_LPC17xx.a(lpc17xx_systick.o)
                              ./src/main.o (SYSTICK_InternalInit)
C:\Users\enzog\Documents\MCUXpressoIDE_11.10.0_3148\workspace\CMSISv2p00_LPC17xx\Debug\libCMSISv2p00_LPC17xx.a(system_LPC17xx.o)
                              C:\Users\enzog\Documents\MCUXpressoIDE_11.10.0_3148\workspace\CMSISv2p00_LPC17xx\Debug\libCMSISv2p00_LPC17xx.a(lpc17xx_systick.o) (SystemCoreClock)
C:\Users\enzog\Documents\MCUXpressoIDE_11.10.0_3148\workspace\CMSISv2p00_LPC17xx\Debug\libCMSISv2p00_LPC17xx.a(lpc17xx_libcfg_default.o)
                              C:\Users\enzog\Documents\MCUXpressoIDE_11.10.0_3148\workspace\CMSISv2p00_LPC17xx\Debug\libCMSISv2p00_LPC17xx.a(lpc17xx_systick.o) (check_failed)
C:/nxp/MCUXpressoIDE_11.10.0_3148/ide/plugins/com.nxp.mcuxpresso.tools.win32_11.10.0.202311280810/tools/bin/../lib/gcc/arm-none-eabi/13.2.1/../../../../arm-none-eabi/lib/thumb/v7-m/nofp\libcr_c.a(__weak__main.o)
                              ./src/cr_startup_lpc175x_6x.o (__main)
C:/nxp/MCUXpressoIDE_11.10.0_3148/ide/plugins/com.nxp.mcuxpresso.tools.win32_11.10.0.202311280810/tools/bin/../lib/gcc/arm-none-eabi/13.2.1/thumb/v7-m/nofp\libcr_eabihelpers.a(float.o)
                              C:\Users\enzog\Documents\MCUXpressoIDE_11.10.0_3148\workspace\CMSISv2p00_LPC17xx\Debug\libCMSISv2p00_LPC17xx.a(lpc17xx_systick.o) (__aeabi_ui2f)

Discarded input sections

 .group         0x00000000        0xc ./src/cr_startup_lpc175x_6x.o
 .text          0x00000000        0x0 ./src/cr_startup_lpc175x_6x.o
 .data          0x00000000        0x0 ./src/cr_startup_lpc175x_6x.o
 .bss           0x00000000        0x0 ./src/cr_startup_lpc175x_6x.o
 .group         0x00000000        0xc ./src/crp.o
 .group         0x00000000        0xc ./src/crp.o
 .text          0x00000000        0x0 ./src/crp.o
 .data          0x00000000        0x0 ./src/crp.o
 .bss           0x00000000        0x0 ./src/crp.o
 .debug_macro   0x00000000      0xade ./src/crp.o
 .group         0x00000000        0xc ./src/main.o
 .group         0x00000000        0xc ./src/main.o
 .group         0x00000000        0xc ./src/main.o
 .group         0x00000000        0xc ./src/main.o
 .group         0x00000000        0xc ./src/main.o
 .group         0x00000000        0xc ./src/main.o
 .group         0x00000000        0xc ./src/main.o
 .group         0x00000000        0xc ./src/main.o
 .group         0x00000000        0xc ./src/main.o
 .group         0x00000000        0xc ./src/main.o
 .group         0x00000000        0xc ./src/main.o
 .group         0x00000000        0xc ./src/main.o
 .group         0x00000000        0xc ./src/main.o
 .group         0x00000000        0xc ./src/main.o
 .text          0x00000000        0x0 ./src/main.o
 .data          0x00000000        0x0 ./src/main.o
 .bss           0x00000000        0x0 ./src/main.o
 .debug_macro   0x00000000      0xade ./src/main.o
 .debug_macro   0x00000000       0x34 ./src/main.o
 .group         0x00000000        0xc C:\Users\enzog\Documents\MCUXpressoIDE_11.10.0_3148\workspace\CMSISv2p00_LPC17xx\Debug\libCMSISv2p00_LPC17xx.a(lpc17xx_gpio.o)
 .group         0x00000000        0xc C:\Users\enzog\Documents\MCUXpressoIDE_11.10.0_3148\workspace\CMSISv2p00_LPC17xx\Debug\libCMSISv2p00_LPC17xx.a(lpc17xx_gpio.o)
 .group         0x00000000        0xc C:\Users\enzog\Documents\MCUXpressoIDE_11.10.0_3148\workspace\CMSISv2p00_LPC17xx\Debug\libCMSISv2p00_LPC17xx.a(lpc17xx_gpio.o)
 .group         0x00000000        0xc C:\Users\enzog\Documents\MCUXpressoIDE_11.10.0_3148\workspace\CMSISv2p00_LPC17xx\Debug\libCMSISv2p00_LPC17xx.a(lpc17xx_gpio.o)
 .group         0x00000000        0xc C:\Users\enzog\Documents\MCUXpressoIDE_11.10.0_3148\workspace\CMSISv2p00_LPC17xx\Debug\libCMSISv2p00_LPC17xx.a(lpc17xx_gpio.o)
 .group         0x00000000        0xc C:\Users\enzog\Documents\MCUXpressoIDE_11.10.0_3148\workspace\CMSISv2p00_LPC17xx\Debug\libCMSISv2p00_LPC17xx.a(lpc17xx_gpio.o)
 .group         0x00000000        0xc C:\Users\enzog\Documents\MCUXpressoIDE_11.10.0_3148\workspace\CMSISv2p00_LPC17xx\Debug\libCMSISv2p00_LPC17xx.a(lpc17xx_gpio.o)
 .group         0x00000000        0xc C:\Users\enzog\Documents\MCUXpressoIDE_11.10.0_3148\workspace\CMSISv2p00_LPC17xx\Debug\libCMSISv2p00_LPC17xx.a(lpc17xx_gpio.o)
 .group         0x00000000        0xc C:\Users\enzog\Documents\MCUXpressoIDE_11.10.0_3148\workspace\CMSISv2p00_LPC17xx\Debug\libCMSISv2p00_LPC17xx.a(lpc17xx_gpio.o)
 .group         0x00000000        0xc C:\Users\enzog\Documents\MCUXpressoIDE_11.10.0_3148\workspace\CMSISv2p00_LPC17xx\Debug\libCMSISv2p00_LPC17xx.a(lpc17xx_gpio.o)
 .group         0x00000000        0xc C:\Users\enzog\Documents\MCUXpressoIDE_11.10.0_3148\workspace\CMSISv2p00_LPC17xx\Debug\libCMSISv2p00_LPC17xx.a(lpc17xx_gpio.o)
 .group         0x00000000        0xc C:\Users\enzog\Documents\MCUXpressoIDE_11.10.0_3148\workspace\CMSISv2p00_LPC17xx\Debug\libCMSISv2p00_LPC17xx.a(lpc17xx_gpio.o)
 .text          0x00000000        0x0 C:\Users\enzog\Documents\MCUXpressoIDE_11.10.0_3148\workspace\CMSISv2p00_LPC17xx\Debug\libCMSISv2p00_LPC17xx.a(lpc17xx_gpio.o)
 .data          0x00000000        0x0 C:\Users\enzog\Documents\MCUXpressoIDE_11.10.0_3148\workspace\CMSISv2p00_LPC17xx\Debug\libCMSISv2p00_LPC17xx.a(lpc17xx_gpio.o)
 .bss           0x00000000        0x0 C:\Users\enzog\Documents\MCUXpressoIDE_11.10.0_3148\workspace\CMSISv2p00_LPC17xx\Debug\libCMSISv2p00_LPC17xx.a(lpc17xx_gpio.o)
 .text.GPIO_GetIntStatus
                0x00000000       0x40 C:\Users\enzog\Documents\MCUXpressoIDE_11.10.0_3148\workspace\CMSISv2p00_LPC17xx\Debug\libCMSISv2p00_LPC17xx.a(lpc17xx_gpio.o)
 .text.GPIO_ClearInt
                0x00000000       0x1c C:\Users\enzog\Documents\MCUXpressoIDE_11.10.0_3148\workspace\CMSISv2p00_LPC17xx\Debug\libCMSISv2p00_LPC17xx.a(lpc17xx_gpio.o)
 .text.FIO_SetDir
                0x00000000        0x4 C:\Users\enzog\Documents\MCUXpressoIDE_11.10.0_3148\workspace\CMSISv2p00_LPC17xx\Debug\libCMSISv2p00_LPC17xx.a(lpc17xx_gpio.o)
 .text.FIO_SetValue
                0x00000000        0x4 C:\Users\enzog\Documents\MCUXpressoIDE_11.10.0_3148\workspace\CMSISv2p00_LPC17xx\Debug\libCMSISv2p00_LPC17xx.a(lpc17xx_gpio.o)
 .text.FIO_ClearValue
                0x00000000        0x4 C:\Users\enzog\Documents\MCUXpressoIDE_11.10.0_3148\workspace\CMSISv2p00_LPC17xx\Debug\libCMSISv2p00_LPC17xx.a(lpc17xx_gpio.o)
 .text.FIO_ReadValue
                0x00000000        0x4 C:\Users\enzog\Documents\MCUXpressoIDE_11.10.0_3148\workspace\CMSISv2p00_LPC17xx\Debug\libCMSISv2p00_LPC17xx.a(lpc17xx_gpio.o)
 .text.FIO_IntCmd
                0x00000000        0x4 C:\Users\enzog\Documents\MCUXpressoIDE_11.10.0_3148\workspace\CMSISv2p00_LPC17xx\Debug\libCMSISv2p00_LPC17xx.a(lpc17xx_gpio.o)
 .text.FIO_GetIntStatus
                0x00000000        0x4 C:\Users\enzog\Documents\MCUXpressoIDE_11.10.0_3148\workspace\CMSISv2p00_LPC17xx\Debug\libCMSISv2p00_LPC17xx.a(lpc17xx_gpio.o)
 .text.FIO_ClearInt
                0x00000000        0x4 C:\Users\enzog\Documents\MCUXpressoIDE_11.10.0_3148\workspace\CMSISv2p00_LPC17xx\Debug\libCMSISv2p00_LPC17xx.a(lpc17xx_gpio.o)
 .text.FIO_SetMask
                0x00000000       0x18 C:\Users\enzog\Documents\MCUXpressoIDE_11.10.0_3148\workspace\CMSISv2p00_LPC17xx\Debug\libCMSISv2p00_LPC17xx.a(lpc17xx_gpio.o)
 .text.FIO_HalfWordSetDir
                0x00000000       0x36 C:\Users\enzog\Documents\MCUXpressoIDE_11.10.0_3148\workspace\CMSISv2p00_LPC17xx\Debug\libCMSISv2p00_LPC17xx.a(lpc17xx_gpio.o)
 .text.FIO_HalfWordSetMask
                0x00000000       0x36 C:\Users\enzog\Documents\MCUXpressoIDE_11.10.0_3148\workspace\CMSISv2p00_LPC17xx\Debug\libCMSISv2p00_LPC17xx.a(lpc17xx_gpio.o)
 .text.FIO_HalfWordSetValue
                0x00000000       0x12 C:\Users\enzog\Documents\MCUXpressoIDE_11.10.0_3148\workspace\CMSISv2p00_LPC17xx\Debug\libCMSISv2p00_LPC17xx.a(lpc17xx_gpio.o)
 .text.FIO_HalfWordClearValue
                0x00000000       0x12 C:\Users\enzog\Documents\MCUXpressoIDE_11.10.0_3148\workspace\CMSISv2p00_LPC17xx\Debug\libCMSISv2p00_LPC17xx.a(lpc17xx_gpio.o)
 .text.FIO_HalfWordReadValue
                0x00000000       0x14 C:\Users\enzog\Documents\MCUXpressoIDE_11.10.0_3148\workspace\CMSISv2p00_LPC17xx\Debug\libCMSISv2p00_LPC17xx.a(lpc17xx_gpio.o)
 .text.FIO_ByteSetDir
                0x00000000       0x22 C:\Users\enzog\Documents\MCUXpressoIDE_11.10.0_3148\workspace\CMSISv2p00_LPC17xx\Debug\libCMSISv2p00_LPC17xx.a(lpc17xx_gpio.o)
 .text.FIO_ByteSetMask
                0x00000000       0x26 C:\Users\enzog\Documents\MCUXpressoIDE_11.10.0_3148\workspace\CMSISv2p00_LPC17xx\Debug\libCMSISv2p00_LPC17xx.a(lpc17xx_gpio.o)
 .text.FIO_ByteSetValue
                0x00000000       0x12 C:\Users\enzog\Documents\MCUXpressoIDE_11.10.0_3148\workspace\CMSISv2p00_LPC17xx\Debug\libCMSISv2p00_LPC17xx.a(lpc17xx_gpio.o)
 .text.FIO_ByteClearValue
                0x00000000       0x12 C:\Users\enzog\Documents\MCUXpressoIDE_11.10.0_3148\workspace\CMSISv2p00_LPC17xx\Debug\libCMSISv2p00_LPC17xx.a(lpc17xx_gpio.o)
 .text.FIO_ByteReadValue
                0x00000000       0x16 C:\Users\enzog\Documents\MCUXpressoIDE_11.10.0_3148\workspace\CMSISv2p00_LPC17xx\Debug\libCMSISv2p00_LPC17xx.a(lpc17xx_gpio.o)
 .debug_macro   0x00000000       0x1c C:\Users\enzog\Documents\MCUXpressoIDE_11.10.0_3148\workspace\CMSISv2p00_LPC17xx\Debug\libCMSISv2p00_LPC17xx.a(lpc17xx_gpio.o)
 .debug_macro   0x00000000       0x34 C:\Users\enzog\Documents\MCUXpressoIDE_11.10.0_3148\workspace\CMSISv2p00_LPC17xx\Debug\libCMSISv2p00_LPC17xx.a(lpc17xx_gpio.o)
 .debug_macro   0x00000000       0x10 C:\Users\enzog\Documents\MCUXpressoIDE_11.10.0_3148\workspace\CMSISv2p00_LPC17xx\Debug\libCMSISv2p00_LPC17xx.a(lpc17xx_gpio.o)
 .debug_macro   0x00000000      0x12e C:\Users\enzog\Documents\MCUXpressoIDE_11.10.0_3148\workspace\CMSISv2p00_LPC17xx\Debug\libCMSISv2p00_LPC17xx.a(lpc17xx_gpio.o)
 .debug_macro   0x00000000      0x5b3 C:\Users\enzog\Documents\MCUXpressoIDE_11.10.0_3148\workspace\CMSISv2p00_LPC17xx\Debug\libCMSISv2p00_LPC17xx.a(lpc17xx_gpio.o)
 .debug_macro   0x00000000       0x18 C:\Users\enzog\Documents\MCUXpressoIDE_11.10.0_3148\workspace\CMSISv2p00_LPC17xx\Debug\libCMSISv2p00_LPC17xx.a(lpc17xx_gpio.o)
 .debug_macro   0x00000000      0x734 C:\Users\enzog\Documents\MCUXpressoIDE_11.10.0_3148\workspace\CMSISv2p00_LPC17xx\Debug\libCMSISv2p00_LPC17xx.a(lpc17xx_gpio.o)
 .debug_macro   0x00000000      0x2d5 C:\Users\enzog\Documents\MCUXpressoIDE_11.10.0_3148\workspace\CMSISv2p00_LPC17xx\Debug\libCMSISv2p00_LPC17xx.a(lpc17xx_gpio.o)
 .debug_macro   0x00000000       0x67 C:\Users\enzog\Documents\MCUXpressoIDE_11.10.0_3148\workspace\CMSISv2p00_LPC17xx\Debug\libCMSISv2p00_LPC17xx.a(lpc17xx_gpio.o)
 .debug_macro   0x00000000       0x4c C:\Users\enzog\Documents\MCUXpressoIDE_11.10.0_3148\workspace\CMSISv2p00_LPC17xx\Debug\libCMSISv2p00_LPC17xx.a(lpc17xx_gpio.o)
 .group         0x00000000        0xc C:\Users\enzog\Documents\MCUXpressoIDE_11.10.0_3148\workspace\CMSISv2p00_LPC17xx\Debug\libCMSISv2p00_LPC17xx.a(lpc17xx_pinsel.o)
 .group         0x00000000        0xc C:\Users\enzog\Documents\MCUXpressoIDE_11.10.0_3148\workspace\CMSISv2p00_LPC17xx\Debug\libCMSISv2p00_LPC17xx.a(lpc17xx_pinsel.o)
 .group         0x00000000        0xc C:\Users\enzog\Documents\MCUXpressoIDE_11.10.0_3148\workspace\CMSISv2p00_LPC17xx\Debug\libCMSISv2p00_LPC17xx.a(lpc17xx_pinsel.o)
 .group         0x00000000        0xc C:\Users\enzog\Documents\MCUXpressoIDE_11.10.0_3148\workspace\CMSISv2p00_LPC17xx\Debug\libCMSISv2p00_LPC17xx.a(lpc17xx_pinsel.o)
 .group         0x00000000        0xc C:\Users\enzog\Documents\MCUXpressoIDE_11.10.0_3148\workspace\CMSISv2p00_LPC17xx\Debug\libCMSISv2p00_LPC17xx.a(lpc17xx_pinsel.o)
 .group         0x00000000        0xc C:\Users\enzog\Documents\MCUXpressoIDE_11.10.0_3148\workspace\CMSISv2p00_LPC17xx\Debug\libCMSISv2p00_LPC17xx.a(lpc17xx_pinsel.o)
 .group         0x00000000        0xc C:\Users\enzog\Documents\MCUXpressoIDE_11.10.0_3148\workspace\CMSISv2p00_LPC17xx\Debug\libCMSISv2p00_LPC17xx.a(lpc17xx_pinsel.o)
 .group         0x00000000        0xc C:\Users\enzog\Documents\MCUXpressoIDE_11.10.0_3148\workspace\CMSISv2p00_LPC17xx\Debug\libCMSISv2p00_LPC17xx.a(lpc17xx_pinsel.o)
 .group         0x00000000        0xc C:\Users\enzog\Documents\MCUXpressoIDE_11.10.0_3148\workspace\CMSISv2p00_LPC17xx\Debug\libCMSISv2p00_LPC17xx.a(lpc17xx_pinsel.o)
 .group         0x00000000        0xc C:\Users\enzog\Documents\MCUXpressoIDE_11.10.0_3148\workspace\CMSISv2p00_LPC17xx\Debug\libCMSISv2p00_LPC17xx.a(lpc17xx_pinsel.o)
 .group         0x00000000        0xc C:\Users\enzog\Documents\MCUXpressoIDE_11.10.0_3148\workspace\CMSISv2p00_LPC17xx\Debug\libCMSISv2p00_LPC17xx.a(lpc17xx_pinsel.o)
 .text          0x00000000        0x0 C:\Users\enzog\Documents\MCUXpressoIDE_11.10.0_3148\workspace\CMSISv2p00_LPC17xx\Debug\libCMSISv2p00_LPC17xx.a(lpc17xx_pinsel.o)
 .data          0x00000000        0x0 C:\Users\enzog\Documents\MCUXpressoIDE_11.10.0_3148\workspace\CMSISv2p00_LPC17xx\Debug\libCMSISv2p00_LPC17xx.a(lpc17xx_pinsel.o)
 .bss           0x00000000        0x0 C:\Users\enzog\Documents\MCUXpressoIDE_11.10.0_3148\workspace\CMSISv2p00_LPC17xx\Debug\libCMSISv2p00_LPC17xx.a(lpc17xx_pinsel.o)
 .text.PINSEL_ConfigTraceFunc
                0x00000000       0x24 C:\Users\enzog\Documents\MCUXpressoIDE_11.10.0_3148\workspace\CMSISv2p00_LPC17xx\Debug\libCMSISv2p00_LPC17xx.a(lpc17xx_pinsel.o)
 .text.PINSEL_SetI2C0Pins
                0x00000000       0x14 C:\Users\enzog\Documents\MCUXpressoIDE_11.10.0_3148\workspace\CMSISv2p00_LPC17xx\Debug\libCMSISv2p00_LPC17xx.a(lpc17xx_pinsel.o)
 .debug_macro   0x00000000      0xad8 C:\Users\enzog\Documents\MCUXpressoIDE_11.10.0_3148\workspace\CMSISv2p00_LPC17xx\Debug\libCMSISv2p00_LPC17xx.a(lpc17xx_pinsel.o)
 .debug_macro   0x00000000       0x1c C:\Users\enzog\Documents\MCUXpressoIDE_11.10.0_3148\workspace\CMSISv2p00_LPC17xx\Debug\libCMSISv2p00_LPC17xx.a(lpc17xx_pinsel.o)
 .debug_macro   0x00000000       0x34 C:\Users\enzog\Documents\MCUXpressoIDE_11.10.0_3148\workspace\CMSISv2p00_LPC17xx\Debug\libCMSISv2p00_LPC17xx.a(lpc17xx_pinsel.o)
 .debug_macro   0x00000000       0x10 C:\Users\enzog\Documents\MCUXpressoIDE_11.10.0_3148\workspace\CMSISv2p00_LPC17xx\Debug\libCMSISv2p00_LPC17xx.a(lpc17xx_pinsel.o)
 .debug_macro   0x00000000      0x12e C:\Users\enzog\Documents\MCUXpressoIDE_11.10.0_3148\workspace\CMSISv2p00_LPC17xx\Debug\libCMSISv2p00_LPC17xx.a(lpc17xx_pinsel.o)
 .debug_macro   0x00000000      0x5b3 C:\Users\enzog\Documents\MCUXpressoIDE_11.10.0_3148\workspace\CMSISv2p00_LPC17xx\Debug\libCMSISv2p00_LPC17xx.a(lpc17xx_pinsel.o)
 .debug_macro   0x00000000       0x18 C:\Users\enzog\Documents\MCUXpressoIDE_11.10.0_3148\workspace\CMSISv2p00_LPC17xx\Debug\libCMSISv2p00_LPC17xx.a(lpc17xx_pinsel.o)
 .debug_macro   0x00000000      0x734 C:\Users\enzog\Documents\MCUXpressoIDE_11.10.0_3148\workspace\CMSISv2p00_LPC17xx\Debug\libCMSISv2p00_LPC17xx.a(lpc17xx_pinsel.o)
 .debug_macro   0x00000000      0x2d5 C:\Users\enzog\Documents\MCUXpressoIDE_11.10.0_3148\workspace\CMSISv2p00_LPC17xx\Debug\libCMSISv2p00_LPC17xx.a(lpc17xx_pinsel.o)
 .debug_macro   0x00000000       0x67 C:\Users\enzog\Documents\MCUXpressoIDE_11.10.0_3148\workspace\CMSISv2p00_LPC17xx\Debug\libCMSISv2p00_LPC17xx.a(lpc17xx_pinsel.o)
 .group         0x00000000        0xc C:\Users\enzog\Documents\MCUXpressoIDE_11.10.0_3148\workspace\CMSISv2p00_LPC17xx\Debug\libCMSISv2p00_LPC17xx.a(lpc17xx_systick.o)
 .group         0x00000000        0xc C:\Users\enzog\Documents\MCUXpressoIDE_11.10.0_3148\workspace\CMSISv2p00_LPC17xx\Debug\libCMSISv2p00_LPC17xx.a(lpc17xx_systick.o)
 .group         0x00000000        0xc C:\Users\enzog\Documents\MCUXpressoIDE_11.10.0_3148\workspace\CMSISv2p00_LPC17xx\Debug\libCMSISv2p00_LPC17xx.a(lpc17xx_systick.o)
 .group         0x00000000        0xc C:\Users\enzog\Documents\MCUXpressoIDE_11.10.0_3148\workspace\CMSISv2p00_LPC17xx\Debug\libCMSISv2p00_LPC17xx.a(lpc17xx_systick.o)
 .group         0x00000000        0xc C:\Users\enzog\Documents\MCUXpressoIDE_11.10.0_3148\workspace\CMSISv2p00_LPC17xx\Debug\libCMSISv2p00_LPC17xx.a(lpc17xx_systick.o)
 .group         0x00000000        0xc C:\Users\enzog\Documents\MCUXpressoIDE_11.10.0_3148\workspace\CMSISv2p00_LPC17xx\Debug\libCMSISv2p00_LPC17xx.a(lpc17xx_systick.o)
 .group         0x00000000        0xc C:\Users\enzog\Documents\MCUXpressoIDE_11.10.0_3148\workspace\CMSISv2p00_LPC17xx\Debug\libCMSISv2p00_LPC17xx.a(lpc17xx_systick.o)
 .group         0x00000000        0xc C:\Users\enzog\Documents\MCUXpressoIDE_11.10.0_3148\workspace\CMSISv2p00_LPC17xx\Debug\libCMSISv2p00_LPC17xx.a(lpc17xx_systick.o)
 .group         0x00000000        0xc C:\Users\enzog\Documents\MCUXpressoIDE_11.10.0_3148\workspace\CMSISv2p00_LPC17xx\Debug\libCMSISv2p00_LPC17xx.a(lpc17xx_systick.o)
 .group         0x00000000        0xc C:\Users\enzog\Documents\MCUXpressoIDE_11.10.0_3148\workspace\CMSISv2p00_LPC17xx\Debug\libCMSISv2p00_LPC17xx.a(lpc17xx_systick.o)
 .group         0x00000000        0xc C:\Users\enzog\Documents\MCUXpressoIDE_11.10.0_3148\workspace\CMSISv2p00_LPC17xx\Debug\libCMSISv2p00_LPC17xx.a(lpc17xx_systick.o)
 .group         0x00000000        0xc C:\Users\enzog\Documents\MCUXpressoIDE_11.10.0_3148\workspace\CMSISv2p00_LPC17xx\Debug\libCMSISv2p00_LPC17xx.a(lpc17xx_systick.o)
 .group         0x00000000        0xc C:\Users\enzog\Documents\MCUXpressoIDE_11.10.0_3148\workspace\CMSISv2p00_LPC17xx\Debug\libCMSISv2p00_LPC17xx.a(lpc17xx_systick.o)
 .text          0x00000000        0x0 C:\Users\enzog\Documents\MCUXpressoIDE_11.10.0_3148\workspace\CMSISv2p00_LPC17xx\Debug\libCMSISv2p00_LPC17xx.a(lpc17xx_systick.o)
 .data          0x00000000        0x0 C:\Users\enzog\Documents\MCUXpressoIDE_11.10.0_3148\workspace\CMSISv2p00_LPC17xx\Debug\libCMSISv2p00_LPC17xx.a(lpc17xx_systick.o)
 .bss           0x00000000        0x0 C:\Users\enzog\Documents\MCUXpressoIDE_11.10.0_3148\workspace\CMSISv2p00_LPC17xx\Debug\libCMSISv2p00_LPC17xx.a(lpc17xx_systick.o)
 .text.SYSTICK_ExternalInit
                0x00000000       0x40 C:\Users\enzog\Documents\MCUXpressoIDE_11.10.0_3148\workspace\CMSISv2p00_LPC17xx\Debug\libCMSISv2p00_LPC17xx.a(lpc17xx_systick.o)
 .text.SYSTICK_GetCurrentValue
                0x00000000        0x8 C:\Users\enzog\Documents\MCUXpressoIDE_11.10.0_3148\workspace\CMSISv2p00_LPC17xx\Debug\libCMSISv2p00_LPC17xx.a(lpc17xx_systick.o)
 .debug_macro   0x00000000      0xad8 C:\Users\enzog\Documents\MCUXpressoIDE_11.10.0_3148\workspace\CMSISv2p00_LPC17xx\Debug\libCMSISv2p00_LPC17xx.a(lpc17xx_systick.o)
 .debug_macro   0x00000000       0x1c C:\Users\enzog\Documents\MCUXpressoIDE_11.10.0_3148\workspace\CMSISv2p00_LPC17xx\Debug\libCMSISv2p00_LPC17xx.a(lpc17xx_systick.o)
 .debug_macro   0x00000000       0x34 C:\Users\enzog\Documents\MCUXpressoIDE_11.10.0_3148\workspace\CMSISv2p00_LPC17xx\Debug\libCMSISv2p00_LPC17xx.a(lpc17xx_systick.o)
 .debug_macro   0x00000000       0x10 C:\Users\enzog\Documents\MCUXpressoIDE_11.10.0_3148\workspace\CMSISv2p00_LPC17xx\Debug\libCMSISv2p00_LPC17xx.a(lpc17xx_systick.o)
 .debug_macro   0x00000000      0x12e C:\Users\enzog\Documents\MCUXpressoIDE_11.10.0_3148\workspace\CMSISv2p00_LPC17xx\Debug\libCMSISv2p00_LPC17xx.a(lpc17xx_systick.o)
 .debug_macro   0x00000000      0x5b3 C:\Users\enzog\Documents\MCUXpressoIDE_11.10.0_3148\workspace\CMSISv2p00_LPC17xx\Debug\libCMSISv2p00_LPC17xx.a(lpc17xx_systick.o)
 .debug_macro   0x00000000       0x18 C:\Users\enzog\Documents\MCUXpressoIDE_11.10.0_3148\workspace\CMSISv2p00_LPC17xx\Debug\libCMSISv2p00_LPC17xx.a(lpc17xx_systick.o)
 .debug_macro   0x00000000      0x734 C:\Users\enzog\Documents\MCUXpressoIDE_11.10.0_3148\workspace\CMSISv2p00_LPC17xx\Debug\libCMSISv2p00_LPC17xx.a(lpc17xx_systick.o)
 .debug_macro   0x00000000      0x2d5 C:\Users\enzog\Documents\MCUXpressoIDE_11.10.0_3148\workspace\CMSISv2p00_LPC17xx\Debug\libCMSISv2p00_LPC17xx.a(lpc17xx_systick.o)
 .debug_macro   0x00000000       0x67 C:\Users\enzog\Documents\MCUXpressoIDE_11.10.0_3148\workspace\CMSISv2p00_LPC17xx\Debug\libCMSISv2p00_LPC17xx.a(lpc17xx_systick.o)
 .debug_macro   0x00000000       0xdf C:\Users\enzog\Documents\MCUXpressoIDE_11.10.0_3148\workspace\CMSISv2p00_LPC17xx\Debug\libCMSISv2p00_LPC17xx.a(lpc17xx_systick.o)
 .group         0x00000000        0xc C:\Users\enzog\Documents\MCUXpressoIDE_11.10.0_3148\workspace\CMSISv2p00_LPC17xx\Debug\libCMSISv2p00_LPC17xx.a(system_LPC17xx.o)
 .group         0x00000000        0xc C:\Users\enzog\Documents\MCUXpressoIDE_11.10.0_3148\workspace\CMSISv2p00_LPC17xx\Debug\libCMSISv2p00_LPC17xx.a(system_LPC17xx.o)
 .group         0x00000000        0xc C:\Users\enzog\Documents\MCUXpressoIDE_11.10.0_3148\workspace\CMSISv2p00_LPC17xx\Debug\libCMSISv2p00_LPC17xx.a(system_LPC17xx.o)
 .group         0x00000000        0xc C:\Users\enzog\Documents\MCUXpressoIDE_11.10.0_3148\workspace\CMSISv2p00_LPC17xx\Debug\libCMSISv2p00_LPC17xx.a(system_LPC17xx.o)
 .group         0x00000000        0xc C:\Users\enzog\Documents\MCUXpressoIDE_11.10.0_3148\workspace\CMSISv2p00_LPC17xx\Debug\libCMSISv2p00_LPC17xx.a(system_LPC17xx.o)
 .group         0x00000000        0xc C:\Users\enzog\Documents\MCUXpressoIDE_11.10.0_3148\workspace\CMSISv2p00_LPC17xx\Debug\libCMSISv2p00_LPC17xx.a(system_LPC17xx.o)
 .group         0x00000000        0xc C:\Users\enzog\Documents\MCUXpressoIDE_11.10.0_3148\workspace\CMSISv2p00_LPC17xx\Debug\libCMSISv2p00_LPC17xx.a(system_LPC17xx.o)
 .group         0x00000000        0xc C:\Users\enzog\Documents\MCUXpressoIDE_11.10.0_3148\workspace\CMSISv2p00_LPC17xx\Debug\libCMSISv2p00_LPC17xx.a(system_LPC17xx.o)
 .group         0x00000000        0xc C:\Users\enzog\Documents\MCUXpressoIDE_11.10.0_3148\workspace\CMSISv2p00_LPC17xx\Debug\libCMSISv2p00_LPC17xx.a(system_LPC17xx.o)
 .text          0x00000000        0x0 C:\Users\enzog\Documents\MCUXpressoIDE_11.10.0_3148\workspace\CMSISv2p00_LPC17xx\Debug\libCMSISv2p00_LPC17xx.a(system_LPC17xx.o)
 .data          0x00000000        0x0 C:\Users\enzog\Documents\MCUXpressoIDE_11.10.0_3148\workspace\CMSISv2p00_LPC17xx\Debug\libCMSISv2p00_LPC17xx.a(system_LPC17xx.o)
 .bss           0x00000000        0x0 C:\Users\enzog\Documents\MCUXpressoIDE_11.10.0_3148\workspace\CMSISv2p00_LPC17xx\Debug\libCMSISv2p00_LPC17xx.a(system_LPC17xx.o)
 .text.SystemCoreClockUpdate
                0x00000000       0xb0 C:\Users\enzog\Documents\MCUXpressoIDE_11.10.0_3148\workspace\CMSISv2p00_LPC17xx\Debug\libCMSISv2p00_LPC17xx.a(system_LPC17xx.o)
 .debug_macro   0x00000000      0xad8 C:\Users\enzog\Documents\MCUXpressoIDE_11.10.0_3148\workspace\CMSISv2p00_LPC17xx\Debug\libCMSISv2p00_LPC17xx.a(system_LPC17xx.o)
 .debug_macro   0x00000000       0x1c C:\Users\enzog\Documents\MCUXpressoIDE_11.10.0_3148\workspace\CMSISv2p00_LPC17xx\Debug\libCMSISv2p00_LPC17xx.a(system_LPC17xx.o)
 .debug_macro   0x00000000       0x34 C:\Users\enzog\Documents\MCUXpressoIDE_11.10.0_3148\workspace\CMSISv2p00_LPC17xx\Debug\libCMSISv2p00_LPC17xx.a(system_LPC17xx.o)
 .debug_macro   0x00000000       0x10 C:\Users\enzog\Documents\MCUXpressoIDE_11.10.0_3148\workspace\CMSISv2p00_LPC17xx\Debug\libCMSISv2p00_LPC17xx.a(system_LPC17xx.o)
 .debug_macro   0x00000000      0x12e C:\Users\enzog\Documents\MCUXpressoIDE_11.10.0_3148\workspace\CMSISv2p00_LPC17xx\Debug\libCMSISv2p00_LPC17xx.a(system_LPC17xx.o)
 .debug_macro   0x00000000      0x5b3 C:\Users\enzog\Documents\MCUXpressoIDE_11.10.0_3148\workspace\CMSISv2p00_LPC17xx\Debug\libCMSISv2p00_LPC17xx.a(system_LPC17xx.o)
 .debug_macro   0x00000000       0x18 C:\Users\enzog\Documents\MCUXpressoIDE_11.10.0_3148\workspace\CMSISv2p00_LPC17xx\Debug\libCMSISv2p00_LPC17xx.a(system_LPC17xx.o)
 .debug_macro   0x00000000      0x734 C:\Users\enzog\Documents\MCUXpressoIDE_11.10.0_3148\workspace\CMSISv2p00_LPC17xx\Debug\libCMSISv2p00_LPC17xx.a(system_LPC17xx.o)
 .debug_macro   0x00000000      0x2d5 C:\Users\enzog\Documents\MCUXpressoIDE_11.10.0_3148\workspace\CMSISv2p00_LPC17xx\Debug\libCMSISv2p00_LPC17xx.a(system_LPC17xx.o)
 .group         0x00000000        0xc C:\Users\enzog\Documents\MCUXpressoIDE_11.10.0_3148\workspace\CMSISv2p00_LPC17xx\Debug\libCMSISv2p00_LPC17xx.a(lpc17xx_libcfg_default.o)
 .group         0x00000000        0xc C:\Users\enzog\Documents\MCUXpressoIDE_11.10.0_3148\workspace\CMSISv2p00_LPC17xx\Debug\libCMSISv2p00_LPC17xx.a(lpc17xx_libcfg_default.o)
 .group         0x00000000        0xc C:\Users\enzog\Documents\MCUXpressoIDE_11.10.0_3148\workspace\CMSISv2p00_LPC17xx\Debug\libCMSISv2p00_LPC17xx.a(lpc17xx_libcfg_default.o)
 .group         0x00000000        0xc C:\Users\enzog\Documents\MCUXpressoIDE_11.10.0_3148\workspace\CMSISv2p00_LPC17xx\Debug\libCMSISv2p00_LPC17xx.a(lpc17xx_libcfg_default.o)
 .group         0x00000000        0xc C:\Users\enzog\Documents\MCUXpressoIDE_11.10.0_3148\workspace\CMSISv2p00_LPC17xx\Debug\libCMSISv2p00_LPC17xx.a(lpc17xx_libcfg_default.o)
 .group         0x00000000        0xc C:\Users\enzog\Documents\MCUXpressoIDE_11.10.0_3148\workspace\CMSISv2p00_LPC17xx\Debug\libCMSISv2p00_LPC17xx.a(lpc17xx_libcfg_default.o)
 .text          0x00000000        0x0 C:\Users\enzog\Documents\MCUXpressoIDE_11.10.0_3148\workspace\CMSISv2p00_LPC17xx\Debug\libCMSISv2p00_LPC17xx.a(lpc17xx_libcfg_default.o)
 .data          0x00000000        0x0 C:\Users\enzog\Documents\MCUXpressoIDE_11.10.0_3148\workspace\CMSISv2p00_LPC17xx\Debug\libCMSISv2p00_LPC17xx.a(lpc17xx_libcfg_default.o)
 .bss           0x00000000        0x0 C:\Users\enzog\Documents\MCUXpressoIDE_11.10.0_3148\workspace\CMSISv2p00_LPC17xx\Debug\libCMSISv2p00_LPC17xx.a(lpc17xx_libcfg_default.o)
 .debug_macro   0x00000000      0xad8 C:\Users\enzog\Documents\MCUXpressoIDE_11.10.0_3148\workspace\CMSISv2p00_LPC17xx\Debug\libCMSISv2p00_LPC17xx.a(lpc17xx_libcfg_default.o)
 .debug_macro   0x00000000       0x10 C:\Users\enzog\Documents\MCUXpressoIDE_11.10.0_3148\workspace\CMSISv2p00_LPC17xx\Debug\libCMSISv2p00_LPC17xx.a(lpc17xx_libcfg_default.o)
 .debug_macro   0x00000000      0x12e C:\Users\enzog\Documents\MCUXpressoIDE_11.10.0_3148\workspace\CMSISv2p00_LPC17xx\Debug\libCMSISv2p00_LPC17xx.a(lpc17xx_libcfg_default.o)
 .debug_macro   0x00000000      0x5b3 C:\Users\enzog\Documents\MCUXpressoIDE_11.10.0_3148\workspace\CMSISv2p00_LPC17xx\Debug\libCMSISv2p00_LPC17xx.a(lpc17xx_libcfg_default.o)
 .text          0x00000000        0x0 C:/nxp/MCUXpressoIDE_11.10.0_3148/ide/plugins/com.nxp.mcuxpresso.tools.win32_11.10.0.202311280810/tools/bin/../lib/gcc/arm-none-eabi/13.2.1/../../../../arm-none-eabi/lib/thumb/v7-m/nofp\libcr_c.a(__weak__main.o)
 .data          0x00000000        0x0 C:/nxp/MCUXpressoIDE_11.10.0_3148/ide/plugins/com.nxp.mcuxpresso.tools.win32_11.10.0.202311280810/tools/bin/../lib/gcc/arm-none-eabi/13.2.1/../../../../arm-none-eabi/lib/thumb/v7-m/nofp\libcr_c.a(__weak__main.o)
 .bss           0x00000000        0x0 C:/nxp/MCUXpressoIDE_11.10.0_3148/ide/plugins/com.nxp.mcuxpresso.tools.win32_11.10.0.202311280810/tools/bin/../lib/gcc/arm-none-eabi/13.2.1/../../../../arm-none-eabi/lib/thumb/v7-m/nofp\libcr_c.a(__weak__main.o)
 .text          0x00000000        0x0 C:/nxp/MCUXpressoIDE_11.10.0_3148/ide/plugins/com.nxp.mcuxpresso.tools.win32_11.10.0.202311280810/tools/bin/../lib/gcc/arm-none-eabi/13.2.1/thumb/v7-m/nofp\libcr_eabihelpers.a(float.o)
 .data          0x00000000        0x0 C:/nxp/MCUXpressoIDE_11.10.0_3148/ide/plugins/com.nxp.mcuxpresso.tools.win32_11.10.0.202311280810/tools/bin/../lib/gcc/arm-none-eabi/13.2.1/thumb/v7-m/nofp\libcr_eabihelpers.a(float.o)
 .bss           0x00000000        0x0 C:/nxp/MCUXpressoIDE_11.10.0_3148/ide/plugins/com.nxp.mcuxpresso.tools.win32_11.10.0.202311280810/tools/bin/../lib/gcc/arm-none-eabi/13.2.1/thumb/v7-m/nofp\libcr_eabihelpers.a(float.o)
 .text.__aeabi_fmul
                0x00000000       0xac C:/nxp/MCUXpressoIDE_11.10.0_3148/ide/plugins/com.nxp.mcuxpresso.tools.win32_11.10.0.202311280810/tools/bin/../lib/gcc/arm-none-eabi/13.2.1/thumb/v7-m/nofp\libcr_eabihelpers.a(float.o)
 .text.__aeabi_fdiv
                0x00000000       0xbc C:/nxp/MCUXpressoIDE_11.10.0_3148/ide/plugins/com.nxp.mcuxpresso.tools.win32_11.10.0.202311280810/tools/bin/../lib/gcc/arm-none-eabi/13.2.1/thumb/v7-m/nofp\libcr_eabihelpers.a(float.o)
 .text.__aeabi_fsub
                0x00000000       0xe4 C:/nxp/MCUXpressoIDE_11.10.0_3148/ide/plugins/com.nxp.mcuxpresso.tools.win32_11.10.0.202311280810/tools/bin/../lib/gcc/arm-none-eabi/13.2.1/thumb/v7-m/nofp\libcr_eabihelpers.a(float.o)
 .text.__aeabi_fadd
                0x00000000       0xb8 C:/nxp/MCUXpressoIDE_11.10.0_3148/ide/plugins/com.nxp.mcuxpresso.tools.win32_11.10.0.202311280810/tools/bin/../lib/gcc/arm-none-eabi/13.2.1/thumb/v7-m/nofp\libcr_eabihelpers.a(float.o)
 .text.__aeabi_frsub
                0x00000000        0xc C:/nxp/MCUXpressoIDE_11.10.0_3148/ide/plugins/com.nxp.mcuxpresso.tools.win32_11.10.0.202311280810/tools/bin/../lib/gcc/arm-none-eabi/13.2.1/thumb/v7-m/nofp\libcr_eabihelpers.a(float.o)
 .text.__aeabi_fneg
                0x00000000        0x6 C:/nxp/MCUXpressoIDE_11.10.0_3148/ide/plugins/com.nxp.mcuxpresso.tools.win32_11.10.0.202311280810/tools/bin/../lib/gcc/arm-none-eabi/13.2.1/thumb/v7-m/nofp\libcr_eabihelpers.a(float.o)
 .text.__aeabi_f2iz
                0x00000000       0x34 C:/nxp/MCUXpressoIDE_11.10.0_3148/ide/plugins/com.nxp.mcuxpresso.tools.win32_11.10.0.202311280810/tools/bin/../lib/gcc/arm-none-eabi/13.2.1/thumb/v7-m/nofp\libcr_eabihelpers.a(float.o)
 .text.__aeabi_f2uiz
                0x00000000       0x26 C:/nxp/MCUXpressoIDE_11.10.0_3148/ide/plugins/com.nxp.mcuxpresso.tools.win32_11.10.0.202311280810/tools/bin/../lib/gcc/arm-none-eabi/13.2.1/thumb/v7-m/nofp\libcr_eabihelpers.a(float.o)
 .text.__aeabi_f2lz
                0x00000000       0x5c C:/nxp/MCUXpressoIDE_11.10.0_3148/ide/plugins/com.nxp.mcuxpresso.tools.win32_11.10.0.202311280810/tools/bin/../lib/gcc/arm-none-eabi/13.2.1/thumb/v7-m/nofp\libcr_eabihelpers.a(float.o)
 .text.__aeabi_f2ulz
                0x00000000       0x3e C:/nxp/MCUXpressoIDE_11.10.0_3148/ide/plugins/com.nxp.mcuxpresso.tools.win32_11.10.0.202311280810/tools/bin/../lib/gcc/arm-none-eabi/13.2.1/thumb/v7-m/nofp\libcr_eabihelpers.a(float.o)
 .text.__bhs_ul2f
                0x00000000       0x46 C:/nxp/MCUXpressoIDE_11.10.0_3148/ide/plugins/com.nxp.mcuxpresso.tools.win32_11.10.0.202311280810/tools/bin/../lib/gcc/arm-none-eabi/13.2.1/thumb/v7-m/nofp\libcr_eabihelpers.a(float.o)
 .text.__aeabi_i2f
                0x00000000       0x10 C:/nxp/MCUXpressoIDE_11.10.0_3148/ide/plugins/com.nxp.mcuxpresso.tools.win32_11.10.0.202311280810/tools/bin/../lib/gcc/arm-none-eabi/13.2.1/thumb/v7-m/nofp\libcr_eabihelpers.a(float.o)
 .text.__aeabi_l2f
                0x00000000       0x1c C:/nxp/MCUXpressoIDE_11.10.0_3148/ide/plugins/com.nxp.mcuxpresso.tools.win32_11.10.0.202311280810/tools/bin/../lib/gcc/arm-none-eabi/13.2.1/thumb/v7-m/nofp\libcr_eabihelpers.a(float.o)
 .text.__aeabi_ul2f
                0x00000000        0x8 C:/nxp/MCUXpressoIDE_11.10.0_3148/ide/plugins/com.nxp.mcuxpresso.tools.win32_11.10.0.202311280810/tools/bin/../lib/gcc/arm-none-eabi/13.2.1/thumb/v7-m/nofp\libcr_eabihelpers.a(float.o)
 .text.__aeabi_f2d
                0x00000000       0x38 C:/nxp/MCUXpressoIDE_11.10.0_3148/ide/plugins/com.nxp.mcuxpresso.tools.win32_11.10.0.202311280810/tools/bin/../lib/gcc/arm-none-eabi/13.2.1/thumb/v7-m/nofp\libcr_eabihelpers.a(float.o)
 .text.__aeabi_fcmpeq
                0x00000000       0x1e C:/nxp/MCUXpressoIDE_11.10.0_3148/ide/plugins/com.nxp.mcuxpresso.tools.win32_11.10.0.202311280810/tools/bin/../lib/gcc/arm-none-eabi/13.2.1/thumb/v7-m/nofp\libcr_eabihelpers.a(float.o)
 .text.__aeabi_fcmplt
                0x00000000       0x3a C:/nxp/MCUXpressoIDE_11.10.0_3148/ide/plugins/com.nxp.mcuxpresso.tools.win32_11.10.0.202311280810/tools/bin/../lib/gcc/arm-none-eabi/13.2.1/thumb/v7-m/nofp\libcr_eabihelpers.a(float.o)
 .text.__aeabi_fcmple
                0x00000000       0x3e C:/nxp/MCUXpressoIDE_11.10.0_3148/ide/plugins/com.nxp.mcuxpresso.tools.win32_11.10.0.202311280810/tools/bin/../lib/gcc/arm-none-eabi/13.2.1/thumb/v7-m/nofp\libcr_eabihelpers.a(float.o)
 .text.__aeabi_fcmpge
                0x00000000       0x3e C:/nxp/MCUXpressoIDE_11.10.0_3148/ide/plugins/com.nxp.mcuxpresso.tools.win32_11.10.0.202311280810/tools/bin/../lib/gcc/arm-none-eabi/13.2.1/thumb/v7-m/nofp\libcr_eabihelpers.a(float.o)
 .text.__aeabi_fcmpun
                0x00000000       0x1a C:/nxp/MCUXpressoIDE_11.10.0_3148/ide/plugins/com.nxp.mcuxpresso.tools.win32_11.10.0.202311280810/tools/bin/../lib/gcc/arm-none-eabi/13.2.1/thumb/v7-m/nofp\libcr_eabihelpers.a(float.o)
 .text.__aeabi_cfcmple
                0x00000000       0x20 C:/nxp/MCUXpressoIDE_11.10.0_3148/ide/plugins/com.nxp.mcuxpresso.tools.win32_11.10.0.202311280810/tools/bin/../lib/gcc/arm-none-eabi/13.2.1/thumb/v7-m/nofp\libcr_eabihelpers.a(float.o)
 .text.__aeabi_cfrcmple
                0x00000000        0xa C:/nxp/MCUXpressoIDE_11.10.0_3148/ide/plugins/com.nxp.mcuxpresso.tools.win32_11.10.0.202311280810/tools/bin/../lib/gcc/arm-none-eabi/13.2.1/thumb/v7-m/nofp\libcr_eabihelpers.a(float.o)

Memory Configuration

Name             Origin             Length             Attributes
MFlash512        0x00000000         0x00080000         xr
RamLoc32         0x10000000         0x00008000         xrw
RamAHB32         0x2007c000         0x00008000         xrw
*default*        0x00000000         0xffffffff

Linker script and memory map

LOAD ./src/cr_startup_lpc175x_6x.o
LOAD ./src/crp.o
LOAD ./src/main.o
LOAD C:\Users\enzog\Documents\MCUXpressoIDE_11.10.0_3148\workspace\CMSISv2p00_LPC17xx\Debug\libCMSISv2p00_LPC17xx.a
START GROUP
LOAD C:/nxp/MCUXpressoIDE_11.10.0_3148/ide/plugins/com.nxp.mcuxpresso.tools.win32_11.10.0.202311280810/tools/bin/../lib/gcc/arm-none-eabi/13.2.1/../../../../arm-none-eabi/lib/thumb/v7-m/nofp\libcr_c.a
LOAD C:/nxp/MCUXpressoIDE_11.10.0_3148/ide/plugins/com.nxp.mcuxpresso.tools.win32_11.10.0.202311280810/tools/bin/../lib/gcc/arm-none-eabi/13.2.1/thumb/v7-m/nofp\libcr_eabihelpers.a
LOAD C:/nxp/MCUXpressoIDE_11.10.0_3148/ide/plugins/com.nxp.mcuxpresso.tools.win32_11.10.0.202311280810/tools/bin/../lib/gcc/arm-none-eabi/13.2.1/thumb/v7-m/nofp\libgcc.a
END GROUP
                0x00000000                        __base_MFlash512 = 0x0
                0x00000000                        __base_Flash = 0x0
                0x00080000                        __top_MFlash512 = 0x80000
                0x00080000                        __top_Flash = 0x80000
                0x10000000                        __base_RamLoc32 = 0x10000000
                0x10000000                        __base_RAM = 0x10000000
                0x10008000                        __top_RamLoc32 = 0x10008000
                0x10008000                        __top_RAM = 0x10008000
                0x2007c000                        __base_RamAHB32 = 0x2007c000
                0x2007c000                        __base_RAM2 = 0x2007c000
                0x20084000                        __top_RamAHB32 = 0x20084000
                0x20084000                        __top_RAM2 = 0x20084000

.text           0x00000000      0x79c
 FILL mask 0xff
                0x00000000                        __vectors_start__ = ABSOLUTE (.)
 *(.isr_vector)
 .isr_vector    0x00000000       0xcc ./src/cr_startup_lpc175x_6x.o
                0x00000000                g_pfnVectors
                0x000000cc                        . = ALIGN (0x4)
                0x000000cc                        __section_table_start = .
                0x000000cc                        __data_section_table = .
                0x000000cc        0x4 LONG 0x79c LOADADDR (.data)
                0x000000d0        0x4 LONG 0x10000000 ADDR (.data)
                0x000000d4        0x4 LONG 0x4 SIZEOF (.data)
                0x000000d8        0x4 LONG 0x79c LOADADDR (.data_RAM2)
                0x000000dc        0x4 LONG 0x2007c000 ADDR (.data_RAM2)
                0x000000e0        0x4 LONG 0x0 SIZEOF (.data_RAM2)
                0x000000e4                        __data_section_table_end = .
                0x000000e4                        __bss_section_table = .
                0x000000e4        0x4 LONG 0x10000004 ADDR (.bss)
                0x000000e8        0x4 LONG 0x8 SIZEOF (.bss)
                0x000000ec        0x4 LONG 0x2007c000 ADDR (.bss_RAM2)
                0x000000f0        0x4 LONG 0x0 SIZEOF (.bss_RAM2)
                0x000000f4                        __bss_section_table_end = .
                0x000000f4                        __section_table_end = .
 *(.after_vectors*)
 .after_vectors
                0x000000f4      0x148 ./src/cr_startup_lpc175x_6x.o
                0x000000f4                data_init
                0x00000138                bss_init
                0x00000170                ResetISR
                0x000001ec                NMI_Handler
                0x000001f4                HardFault_Handler
                0x000001fc                MemManage_Handler
                0x00000204                BusFault_Handler
                0x0000020c                UsageFault_Handler
                0x00000214                SVC_Handler
                0x0000021c                DebugMon_Handler
                0x00000224                PendSV_Handler
                0x00000234                UART1_IRQHandler
                0x00000234                CANActivity_IRQHandler
                0x00000234                TIMER3_IRQHandler
                0x00000234                UART0_IRQHandler
                0x00000234                USBActivity_IRQHandler
                0x00000234                EINT2_IRQHandler
                0x00000234                IntDefaultHandler
                0x00000234                PLL0_IRQHandler
                0x00000234                CAN_IRQHandler
                0x00000234                I2C0_IRQHandler
                0x00000234                SSP0_IRQHandler
                0x00000234                I2C1_IRQHandler
                0x00000234                I2C2_IRQHandler
                0x00000234                RTC_IRQHandler
                0x00000234                TIMER0_IRQHandler
                0x00000234                SPI_IRQHandler
                0x00000234                RIT_IRQHandler
                0x00000234                EINT1_IRQHandler
                0x00000234                TIMER1_IRQHandler
                0x00000234                UART2_IRQHandler
                0x00000234                ADC_IRQHandler
                0x00000234                SSP1_IRQHandler
                0x00000234                USB_IRQHandler
                0x00000234                BOD_IRQHandler
                0x00000234                PWM1_IRQHandler
                0x00000234                WDT_IRQHandler
                0x00000234                I2S_IRQHandler
                0x00000234                QEI_IRQHandler
                0x00000234                EINT0_IRQHandler
                0x00000234                PLL1_IRQHandler
                0x00000234                DMA_IRQHandler
                0x00000234                TIMER2_IRQHandler
                0x00000234                UART3_IRQHandler
                0x00000234                MCPWM_IRQHandler
                0x00000234                ENET_IRQHandler
                0x000002fc                        . = 0x2fc
 *fill*         0x0000023c       0xc0 ff
                0x000002fc                        PROVIDE (__CRP_WORD_START__ = .)
 *(.crp)
 .crp           0x000002fc        0x4 ./src/crp.o
                0x000002fc                CRP_WORD
                0x00000300                        PROVIDE (__CRP_WORD_END__ = .)
                0x00000001                        ASSERT (! ((__CRP_WORD_START__ == __CRP_WORD_END__)), Linker CRP Enabled, but no CRP_WORD provided within application)
 *(.text*)
 .text.NVIC_EnableIRQ
                0x00000300       0x30 ./src/main.o
 .text.SysTick_Handler
                0x00000330       0x10 ./src/main.o
                0x00000330                SysTick_Handler
 .text.Configurar_pins
                0x00000340       0x8e ./src/main.o
                0x00000340                Configurar_pins
 *fill*         0x000003ce        0x2 ff
 .text.Lectura_sensores
                0x000003d0       0x34 ./src/main.o
                0x000003d0                Lectura_sensores
 .text.EINT3_IRQHandler
                0x00000404       0x48 ./src/main.o
                0x00000404                EINT3_IRQHandler
 .text.main     0x0000044c       0x34 ./src/main.o
                0x0000044c                main
 .text.GPIO_GetPointer
                0x00000480       0x12 C:\Users\enzog\Documents\MCUXpressoIDE_11.10.0_3148\workspace\CMSISv2p00_LPC17xx\Debug\libCMSISv2p00_LPC17xx.a(lpc17xx_gpio.o)
 .text.GPIO_SetDir
                0x00000492       0x18 C:\Users\enzog\Documents\MCUXpressoIDE_11.10.0_3148\workspace\CMSISv2p00_LPC17xx\Debug\libCMSISv2p00_LPC17xx.a(lpc17xx_gpio.o)
                0x00000492                GPIO_SetDir
 .text.GPIO_SetValue
                0x000004aa        0xc C:\Users\enzog\Documents\MCUXpressoIDE_11.10.0_3148\workspace\CMSISv2p00_LPC17xx\Debug\libCMSISv2p00_LPC17xx.a(lpc17xx_gpio.o)
                0x000004aa                GPIO_SetValue
 .text.GPIO_ClearValue
                0x000004b6        0xc C:\Users\enzog\Documents\MCUXpressoIDE_11.10.0_3148\workspace\CMSISv2p00_LPC17xx\Debug\libCMSISv2p00_LPC17xx.a(lpc17xx_gpio.o)
                0x000004b6                GPIO_ClearValue
 .text.GPIO_ReadValue
                0x000004c2        0xc C:\Users\enzog\Documents\MCUXpressoIDE_11.10.0_3148\workspace\CMSISv2p00_LPC17xx\Debug\libCMSISv2p00_LPC17xx.a(lpc17xx_gpio.o)
                0x000004c2                GPIO_ReadValue
 *fill*         0x000004ce        0x2 ff
 .text.GPIO_IntCmd
                0x000004d0       0x38 C:\Users\enzog\Documents\MCUXpressoIDE_11.10.0_3148\workspace\CMSISv2p00_LPC17xx\Debug\libCMSISv2p00_LPC17xx.a(lpc17xx_gpio.o)
                0x000004d0                GPIO_IntCmd
 .text.PINSEL_ConfigPin
                0x00000508       0x7c C:\Users\enzog\Documents\MCUXpressoIDE_11.10.0_3148\workspace\CMSISv2p00_LPC17xx\Debug\libCMSISv2p00_LPC17xx.a(lpc17xx_pinsel.o)
                0x00000508                PINSEL_ConfigPin
 .text.SYSTICK_InternalInit
                0x00000584       0x48 C:\Users\enzog\Documents\MCUXpressoIDE_11.10.0_3148\workspace\CMSISv2p00_LPC17xx\Debug\libCMSISv2p00_LPC17xx.a(lpc17xx_systick.o)
                0x00000584                SYSTICK_InternalInit
 .text.SYSTICK_Cmd
                0x000005cc       0x2c C:\Users\enzog\Documents\MCUXpressoIDE_11.10.0_3148\workspace\CMSISv2p00_LPC17xx\Debug\libCMSISv2p00_LPC17xx.a(lpc17xx_systick.o)
                0x000005cc                SYSTICK_Cmd
 .text.SYSTICK_IntCmd
                0x000005f8       0x2c C:\Users\enzog\Documents\MCUXpressoIDE_11.10.0_3148\workspace\CMSISv2p00_LPC17xx\Debug\libCMSISv2p00_LPC17xx.a(lpc17xx_systick.o)
                0x000005f8                SYSTICK_IntCmd
 .text.SYSTICK_ClearCounterFlag
                0x00000624        0xe C:\Users\enzog\Documents\MCUXpressoIDE_11.10.0_3148\workspace\CMSISv2p00_LPC17xx\Debug\libCMSISv2p00_LPC17xx.a(lpc17xx_systick.o)
                0x00000624                SYSTICK_ClearCounterFlag
 *fill*         0x00000632        0x2 ff
 .text.SystemInit
                0x00000634       0xe8 C:\Users\enzog\Documents\MCUXpressoIDE_11.10.0_3148\workspace\CMSISv2p00_LPC17xx\Debug\libCMSISv2p00_LPC17xx.a(system_LPC17xx.o)
                0x00000634                SystemInit
 .text.check_failed
                0x0000071c        0x2 C:\Users\enzog\Documents\MCUXpressoIDE_11.10.0_3148\workspace\CMSISv2p00_LPC17xx\Debug\libCMSISv2p00_LPC17xx.a(lpc17xx_libcfg_default.o)
                0x0000071c                check_failed
 .text.__weak_main
                0x0000071e        0x4 C:/nxp/MCUXpressoIDE_11.10.0_3148/ide/plugins/com.nxp.mcuxpresso.tools.win32_11.10.0.202311280810/tools/bin/../lib/gcc/arm-none-eabi/13.2.1/../../../../arm-none-eabi/lib/thumb/v7-m/nofp\libcr_c.a(__weak__main.o)
                0x0000071e                __weak_main
                0x0000071e                __main
 .text.__bhs_ui2f
                0x00000722       0x26 C:/nxp/MCUXpressoIDE_11.10.0_3148/ide/plugins/com.nxp.mcuxpresso.tools.win32_11.10.0.202311280810/tools/bin/../lib/gcc/arm-none-eabi/13.2.1/thumb/v7-m/nofp\libcr_eabihelpers.a(float.o)
                0x00000722                __bhs_ui2f
 .text.__aeabi_ui2f
                0x00000748        0x8 C:/nxp/MCUXpressoIDE_11.10.0_3148/ide/plugins/com.nxp.mcuxpresso.tools.win32_11.10.0.202311280810/tools/bin/../lib/gcc/arm-none-eabi/13.2.1/thumb/v7-m/nofp\libcr_eabihelpers.a(float.o)
                0x00000748                __aeabi_ui2f
 .text.__aeabi_fcmpgt
                0x00000750       0x3a C:/nxp/MCUXpressoIDE_11.10.0_3148/ide/plugins/com.nxp.mcuxpresso.tools.win32_11.10.0.202311280810/tools/bin/../lib/gcc/arm-none-eabi/13.2.1/thumb/v7-m/nofp\libcr_eabihelpers.a(float.o)
                0x00000750                __aeabi_fcmpgt
 *(.rodata .rodata.* .constdata .constdata.*)
 .rodata.SYSTICK_Cmd.str1.1
                0x0000078a       0x12 C:\Users\enzog\Documents\MCUXpressoIDE_11.10.0_3148\workspace\CMSISv2p00_LPC17xx\Debug\libCMSISv2p00_LPC17xx.a(lpc17xx_systick.o)
                0x0000079c                        . = ALIGN (0x4)

.glue_7         0x0000079c        0x0
 .glue_7        0x0000079c        0x0 linker stubs

.glue_7t        0x0000079c        0x0
 .glue_7t       0x0000079c        0x0 linker stubs

.vfp11_veneer   0x0000079c        0x0
 .vfp11_veneer  0x0000079c        0x0 linker stubs

.v4_bx          0x0000079c        0x0
 .v4_bx         0x0000079c        0x0 linker stubs

.iplt           0x0000079c        0x0
 .iplt          0x0000079c        0x0 ./src/cr_startup_lpc175x_6x.o

.rel.dyn        0x0000079c        0x0
 .rel.iplt      0x0000079c        0x0 ./src/cr_startup_lpc175x_6x.o

.ARM.extab
 *(.ARM.extab* .gnu.linkonce.armextab.*)

.ARM.exidx      0x0000079c        0x0
                0x0000079c                        __exidx_start = .
 *(.ARM.exidx* .gnu.linkonce.armexidx.*)
                0x0000079c                        __exidx_end = .
                0x0000079c                        _etext = .

.data_RAM2      0x2007c000        0x0 load address 0x0000079c
 FILL mask 0xff
                [!provide]                        PROVIDE (__start_data_RAM2 = .)
                [!provide]                        PROVIDE (__start_data_RamAHB32 = .)
 *(.ramfunc.$RAM2)
 *(.ramfunc.$RamAHB32)
 *(.data.$RAM2)
 *(.data.$RamAHB32)
 *(.data.$RAM2.*)
 *(.data.$RamAHB32.*)
                0x2007c000                        . = ALIGN (0x4)
                [!provide]                        PROVIDE (__end_data_RAM2 = .)
                [!provide]                        PROVIDE (__end_data_RamAHB32 = .)

.uninit_RESERVED
                0x10000000        0x0
                0x10000000                        _start_uninit_RESERVED = .
 *(.bss.$RESERVED*)
                0x10000000                        . = ALIGN (0x4)
                0x10000000                        _end_uninit_RESERVED = .

.data           0x10000000        0x4 load address 0x0000079c
 FILL mask 0xff
                0x10000000                        _data = .
                [!provide]                        PROVIDE (__start_data_RAM = .)
                [!provide]                        PROVIDE (__start_data_RamLoc32 = .)
 *(vtable)
 *(.ramfunc*)
 *(CodeQuickAccess)
 *(DataQuickAccess)
 *(RamFunction)
 *(.data*)
 .data.SystemCoreClock
                0x10000000        0x4 C:\Users\enzog\Documents\MCUXpressoIDE_11.10.0_3148\workspace\CMSISv2p00_LPC17xx\Debug\libCMSISv2p00_LPC17xx.a(system_LPC17xx.o)
                0x10000000                SystemCoreClock
                0x10000004                        . = ALIGN (0x4)
                0x10000004                        _edata = .
                [!provide]                        PROVIDE (__end_data_RAM = .)
                [!provide]                        PROVIDE (__end_data_RamLoc32 = .)

.igot.plt       0x10000004        0x0 load address 0x000007a0
 .igot.plt      0x10000004        0x0 ./src/cr_startup_lpc175x_6x.o

.bss_RAM2       0x2007c000        0x0
                [!provide]                        PROVIDE (__start_bss_RAM2 = .)
                [!provide]                        PROVIDE (__start_bss_RamAHB32 = .)
 *(.bss.$RAM2)
 *(.bss.$RamAHB32)
 *(.bss.$RAM2.*)
 *(.bss.$RamAHB32.*)
                0x2007c000                        . = ALIGN ((. != 0x0)?0x4:0x1)
                [!provide]                        PROVIDE (__end_bss_RAM2 = .)
                [!provide]                        PROVIDE (__end_bss_RamAHB32 = .)

.bss            0x10000004        0x8
                0x10000004                        _bss = .
                [!provide]                        PROVIDE (__start_bss_RAM = .)
                [!provide]                        PROVIDE (__start_bss_RamLoc32 = .)
 *(.bss*)
 .bss.Flag_Puerta
                0x10000004        0x1 ./src/main.o
                0x10000004                Flag_Puerta
 *fill*         0x10000005        0x3 
 .bss.i.0       0x10000008        0x4 ./src/main.o
 *(COMMON)
                0x1000000c                        . = ALIGN (0x4)
                0x1000000c                        _ebss = .
                [!provide]                        PROVIDE (__end_bss_RAM = .)
                [!provide]                        PROVIDE (__end_bss_RamLoc32 = .)
                [!provide]                        PROVIDE (end = .)

.noinit_RAM2    0x2007c000        0x0
                [!provide]                        PROVIDE (__start_noinit_RAM2 = .)
                [!provide]                        PROVIDE (__start_noinit_RamAHB32 = .)
 *(.noinit.$RAM2)
 *(.noinit.$RamAHB32)
 *(.noinit.$RAM2.*)
 *(.noinit.$RamAHB32.*)
                0x2007c000                        . = ALIGN (0x4)
                [!provide]                        PROVIDE (__end_noinit_RAM2 = .)
                [!provide]                        PROVIDE (__end_noinit_RamAHB32 = .)

.noinit         0x1000000c        0x0
                0x1000000c                        _noinit = .
                [!provide]                        PROVIDE (__start_noinit_RAM = .)
                [!provide]                        PROVIDE (__start_noinit_RamLoc32 = .)
 *(.noinit*)
                0x1000000c                        . = ALIGN (0x4)
                0x1000000c                        _end_noinit = .
                [!provide]                        PROVIDE (__end_noinit_RAM = .)
                [!provide]                        PROVIDE (__end_noinit_RamLoc32 = .)
                [!provide]                        PROVIDE (_pvHeapStart = DEFINED (__user_heap_base)?__user_heap_base:.)
                0x10008000                        PROVIDE (_vStackTop = DEFINED (__user_stack_top)?__user_stack_top:(__top_RamLoc32 - 0x0))
                0xefff749e                        PROVIDE (__valid_user_code_checksum = (0x0 - ((((((_vStackTop + (ResetISR + 0x1)) + (NMI_Handler + 0x1)) + (HardFault_Handler + 0x1)) + (DEFINED (MemManage_Handler)?MemManage_Handler:0x0 + 0x1)) + (DEFINED (BusFault_Handler)?BusFault_Handler:0x0 + 0x1)) + (DEFINED (UsageFault_Handler)?UsageFault_Handler:0x0 + 0x1))))
                0x00000000                        _image_start = LOADADDR (.text)
                0x000007a0                        _image_end = (LOADADDR (.data) + SIZEOF (.data))
                0x000007a0                        _image_size = (_image_end - _image_start)
OUTPUT(Lab_2.axf elf32-littlearm)
LOAD linker stubs

.debug_info     0x00000000     0x4325
 .debug_info    0x00000000      0x2a5 ./src/cr_startup_lpc175x_6x.o
 .debug_info    0x000002a5       0x40 ./src/crp.o
 .debug_info    0x000002e5      0x636 ./src/main.o
 .debug_info    0x0000091b     0x10ed C:\Users\enzog\Documents\MCUXpressoIDE_11.10.0_3148\workspace\CMSISv2p00_LPC17xx\Debug\libCMSISv2p00_LPC17xx.a(lpc17xx_gpio.o)
 .debug_info    0x00001a08      0x53e C:\Users\enzog\Documents\MCUXpressoIDE_11.10.0_3148\workspace\CMSISv2p00_LPC17xx\Debug\libCMSISv2p00_LPC17xx.a(lpc17xx_pinsel.o)
 .debug_info    0x00001f46      0x2de C:\Users\enzog\Documents\MCUXpressoIDE_11.10.0_3148\workspace\CMSISv2p00_LPC17xx\Debug\libCMSISv2p00_LPC17xx.a(lpc17xx_systick.o)
 .debug_info    0x00002224      0x513 C:\Users\enzog\Documents\MCUXpressoIDE_11.10.0_3148\workspace\CMSISv2p00_LPC17xx\Debug\libCMSISv2p00_LPC17xx.a(system_LPC17xx.o)
 .debug_info    0x00002737       0xd4 C:\Users\enzog\Documents\MCUXpressoIDE_11.10.0_3148\workspace\CMSISv2p00_LPC17xx\Debug\libCMSISv2p00_LPC17xx.a(lpc17xx_libcfg_default.o)
 .debug_info    0x0000280b       0x4a C:/nxp/MCUXpressoIDE_11.10.0_3148/ide/plugins/com.nxp.mcuxpresso.tools.win32_11.10.0.202311280810/tools/bin/../lib/gcc/arm-none-eabi/13.2.1/../../../../arm-none-eabi/lib/thumb/v7-m/nofp\libcr_c.a(__weak__main.o)
 .debug_info    0x00002855     0x1ad0 C:/nxp/MCUXpressoIDE_11.10.0_3148/ide/plugins/com.nxp.mcuxpresso.tools.win32_11.10.0.202311280810/tools/bin/../lib/gcc/arm-none-eabi/13.2.1/thumb/v7-m/nofp\libcr_eabihelpers.a(float.o)

.debug_abbrev   0x00000000      0xf3f
 .debug_abbrev  0x00000000      0x14d ./src/cr_startup_lpc175x_6x.o
 .debug_abbrev  0x0000014d       0x38 ./src/crp.o
 .debug_abbrev  0x00000185      0x24d ./src/main.o
 .debug_abbrev  0x000003d2      0x2f5 C:\Users\enzog\Documents\MCUXpressoIDE_11.10.0_3148\workspace\CMSISv2p00_LPC17xx\Debug\libCMSISv2p00_LPC17xx.a(lpc17xx_gpio.o)
 .debug_abbrev  0x000006c7      0x176 C:\Users\enzog\Documents\MCUXpressoIDE_11.10.0_3148\workspace\CMSISv2p00_LPC17xx\Debug\libCMSISv2p00_LPC17xx.a(lpc17xx_pinsel.o)
 .debug_abbrev  0x0000083d      0x187 C:\Users\enzog\Documents\MCUXpressoIDE_11.10.0_3148\workspace\CMSISv2p00_LPC17xx\Debug\libCMSISv2p00_LPC17xx.a(lpc17xx_systick.o)
 .debug_abbrev  0x000009c4      0x158 C:\Users\enzog\Documents\MCUXpressoIDE_11.10.0_3148\workspace\CMSISv2p00_LPC17xx\Debug\libCMSISv2p00_LPC17xx.a(system_LPC17xx.o)
 .debug_abbrev  0x00000b1c       0x75 C:\Users\enzog\Documents\MCUXpressoIDE_11.10.0_3148\workspace\CMSISv2p00_LPC17xx\Debug\libCMSISv2p00_LPC17xx.a(lpc17xx_libcfg_default.o)
 .debug_abbrev  0x00000b91       0x4f C:/nxp/MCUXpressoIDE_11.10.0_3148/ide/plugins/com.nxp.mcuxpresso.tools.win32_11.10.0.202311280810/tools/bin/../lib/gcc/arm-none-eabi/13.2.1/../../../../arm-none-eabi/lib/thumb/v7-m/nofp\libcr_c.a(__weak__main.o)
 .debug_abbrev  0x00000be0      0x35f C:/nxp/MCUXpressoIDE_11.10.0_3148/ide/plugins/com.nxp.mcuxpresso.tools.win32_11.10.0.202311280810/tools/bin/../lib/gcc/arm-none-eabi/13.2.1/thumb/v7-m/nofp\libcr_eabihelpers.a(float.o)

.debug_aranges  0x00000000      0x388
 .debug_aranges
                0x00000000       0x80 ./src/cr_startup_lpc175x_6x.o
 .debug_aranges
                0x00000080       0x18 ./src/crp.o
 .debug_aranges
                0x00000098       0x48 ./src/main.o
 .debug_aranges
                0x000000e0       0xe8 C:\Users\enzog\Documents\MCUXpressoIDE_11.10.0_3148\workspace\CMSISv2p00_LPC17xx\Debug\libCMSISv2p00_LPC17xx.a(lpc17xx_gpio.o)
 .debug_aranges
                0x000001c8       0x30 C:\Users\enzog\Documents\MCUXpressoIDE_11.10.0_3148\workspace\CMSISv2p00_LPC17xx\Debug\libCMSISv2p00_LPC17xx.a(lpc17xx_pinsel.o)
 .debug_aranges
                0x000001f8       0x48 C:\Users\enzog\Documents\MCUXpressoIDE_11.10.0_3148\workspace\CMSISv2p00_LPC17xx\Debug\libCMSISv2p00_LPC17xx.a(lpc17xx_systick.o)
 .debug_aranges
                0x00000240       0x28 C:\Users\enzog\Documents\MCUXpressoIDE_11.10.0_3148\workspace\CMSISv2p00_LPC17xx\Debug\libCMSISv2p00_LPC17xx.a(system_LPC17xx.o)
 .debug_aranges
                0x00000268       0x20 C:\Users\enzog\Documents\MCUXpressoIDE_11.10.0_3148\workspace\CMSISv2p00_LPC17xx\Debug\libCMSISv2p00_LPC17xx.a(lpc17xx_libcfg_default.o)
 .debug_aranges
                0x00000288       0x20 C:/nxp/MCUXpressoIDE_11.10.0_3148/ide/plugins/com.nxp.mcuxpresso.tools.win32_11.10.0.202311280810/tools/bin/../lib/gcc/arm-none-eabi/13.2.1/../../../../arm-none-eabi/lib/thumb/v7-m/nofp\libcr_c.a(__weak__main.o)
 .debug_aranges
                0x000002a8       0xe0 C:/nxp/MCUXpressoIDE_11.10.0_3148/ide/plugins/com.nxp.mcuxpresso.tools.win32_11.10.0.202311280810/tools/bin/../lib/gcc/arm-none-eabi/13.2.1/thumb/v7-m/nofp\libcr_eabihelpers.a(float.o)

.debug_ranges   0x00000000      0x478
 .debug_ranges  0x00000000       0x70 ./src/cr_startup_lpc175x_6x.o
 .debug_ranges  0x00000070       0x38 ./src/main.o
 .debug_ranges  0x000000a8       0xf0 C:\Users\enzog\Documents\MCUXpressoIDE_11.10.0_3148\workspace\CMSISv2p00_LPC17xx\Debug\libCMSISv2p00_LPC17xx.a(lpc17xx_gpio.o)
 .debug_ranges  0x00000198       0x80 C:\Users\enzog\Documents\MCUXpressoIDE_11.10.0_3148\workspace\CMSISv2p00_LPC17xx\Debug\libCMSISv2p00_LPC17xx.a(lpc17xx_pinsel.o)
 .debug_ranges  0x00000218       0x38 C:\Users\enzog\Documents\MCUXpressoIDE_11.10.0_3148\workspace\CMSISv2p00_LPC17xx\Debug\libCMSISv2p00_LPC17xx.a(lpc17xx_systick.o)
 .debug_ranges  0x00000250       0x18 C:\Users\enzog\Documents\MCUXpressoIDE_11.10.0_3148\workspace\CMSISv2p00_LPC17xx\Debug\libCMSISv2p00_LPC17xx.a(system_LPC17xx.o)
 .debug_ranges  0x00000268       0x10 C:\Users\enzog\Documents\MCUXpressoIDE_11.10.0_3148\workspace\CMSISv2p00_LPC17xx\Debug\libCMSISv2p00_LPC17xx.a(lpc17xx_libcfg_default.o)
 .debug_ranges  0x00000278       0x10 C:/nxp/MCUXpressoIDE_11.10.0_3148/ide/plugins/com.nxp.mcuxpresso.tools.win32_11.10.0.202311280810/tools/bin/../lib/gcc/arm-none-eabi/13.2.1/../../../../arm-none-eabi/lib/thumb/v7-m/nofp\libcr_c.a(__weak__main.o)
 .debug_ranges  0x00000288      0x1f0 C:/nxp/MCUXpressoIDE_11.10.0_3148/ide/plugins/com.nxp.mcuxpresso.tools.win32_11.10.0.202311280810/tools/bin/../lib/gcc/arm-none-eabi/13.2.1/thumb/v7-m/nofp\libcr_eabihelpers.a(float.o)

.debug_macro    0x00000000     0x34c8
 .debug_macro   0x00000000       0x1d ./src/cr_startup_lpc175x_6x.o
 .debug_macro   0x0000001d      0xade ./src/cr_startup_lpc175x_6x.o
 .debug_macro   0x00000afb       0x1a ./src/crp.o
 .debug_macro   0x00000b15       0x34 ./src/crp.o
 .debug_macro   0x00000b49       0xe8 ./src/main.o
 .debug_macro   0x00000c31       0x1c ./src/main.o
 .debug_macro   0x00000c4d       0x34 ./src/main.o
 .debug_macro   0x00000c81       0x10 ./src/main.o
 .debug_macro   0x00000c91      0x12e ./src/main.o
 .debug_macro   0x00000dbf      0x5b3 ./src/main.o
 .debug_macro   0x00001372       0x18 ./src/main.o
 .debug_macro   0x0000138a      0x734 ./src/main.o
 .debug_macro   0x00001abe      0x2d5 ./src/main.o
 .debug_macro   0x00001d93       0x82 ./src/main.o
 .debug_macro   0x00001e15       0x67 ./src/main.o
 .debug_macro   0x00001e7c       0x4c ./src/main.o
 .debug_macro   0x00001ec8      0x146 ./src/main.o
 .debug_macro   0x0000200e       0x96 C:\Users\enzog\Documents\MCUXpressoIDE_11.10.0_3148\workspace\CMSISv2p00_LPC17xx\Debug\libCMSISv2p00_LPC17xx.a(lpc17xx_gpio.o)
 .debug_macro   0x000020a4      0xad8 C:\Users\enzog\Documents\MCUXpressoIDE_11.10.0_3148\workspace\CMSISv2p00_LPC17xx\Debug\libCMSISv2p00_LPC17xx.a(lpc17xx_gpio.o)
 .debug_macro   0x00002b7c       0xdf C:\Users\enzog\Documents\MCUXpressoIDE_11.10.0_3148\workspace\CMSISv2p00_LPC17xx\Debug\libCMSISv2p00_LPC17xx.a(lpc17xx_gpio.o)
 .debug_macro   0x00002c5b       0x8d C:\Users\enzog\Documents\MCUXpressoIDE_11.10.0_3148\workspace\CMSISv2p00_LPC17xx\Debug\libCMSISv2p00_LPC17xx.a(lpc17xx_pinsel.o)
 .debug_macro   0x00002ce8      0x140 C:\Users\enzog\Documents\MCUXpressoIDE_11.10.0_3148\workspace\CMSISv2p00_LPC17xx\Debug\libCMSISv2p00_LPC17xx.a(lpc17xx_pinsel.o)
 .debug_macro   0x00002e28       0x9f C:\Users\enzog\Documents\MCUXpressoIDE_11.10.0_3148\workspace\CMSISv2p00_LPC17xx\Debug\libCMSISv2p00_LPC17xx.a(lpc17xx_systick.o)
 .debug_macro   0x00002ec7       0x46 C:\Users\enzog\Documents\MCUXpressoIDE_11.10.0_3148\workspace\CMSISv2p00_LPC17xx\Debug\libCMSISv2p00_LPC17xx.a(lpc17xx_systick.o)
 .debug_macro   0x00002f0d      0x2fc C:\Users\enzog\Documents\MCUXpressoIDE_11.10.0_3148\workspace\CMSISv2p00_LPC17xx\Debug\libCMSISv2p00_LPC17xx.a(lpc17xx_systick.o)
 .debug_macro   0x00003209      0x12b C:\Users\enzog\Documents\MCUXpressoIDE_11.10.0_3148\workspace\CMSISv2p00_LPC17xx\Debug\libCMSISv2p00_LPC17xx.a(system_LPC17xx.o)
 .debug_macro   0x00003334       0x5a C:\Users\enzog\Documents\MCUXpressoIDE_11.10.0_3148\workspace\CMSISv2p00_LPC17xx\Debug\libCMSISv2p00_LPC17xx.a(lpc17xx_libcfg_default.o)
 .debug_macro   0x0000338e       0x61 C:\Users\enzog\Documents\MCUXpressoIDE_11.10.0_3148\workspace\CMSISv2p00_LPC17xx\Debug\libCMSISv2p00_LPC17xx.a(lpc17xx_libcfg_default.o)
 .debug_macro   0x000033ef       0xd9 C:\Users\enzog\Documents\MCUXpressoIDE_11.10.0_3148\workspace\CMSISv2p00_LPC17xx\Debug\libCMSISv2p00_LPC17xx.a(lpc17xx_libcfg_default.o)

.debug_line     0x00000000     0x2e45
 .debug_line    0x00000000      0x11e ./src/cr_startup_lpc175x_6x.o
 .debug_line    0x0000011e       0xb3 ./src/crp.o
 .debug_line    0x000001d1      0x458 ./src/main.o
 .debug_line    0x00000629      0x7f7 C:\Users\enzog\Documents\MCUXpressoIDE_11.10.0_3148\workspace\CMSISv2p00_LPC17xx\Debug\libCMSISv2p00_LPC17xx.a(lpc17xx_gpio.o)
 .debug_line    0x00000e20      0x335 C:\Users\enzog\Documents\MCUXpressoIDE_11.10.0_3148\workspace\CMSISv2p00_LPC17xx\Debug\libCMSISv2p00_LPC17xx.a(lpc17xx_pinsel.o)
 .debug_line    0x00001155      0x3ae C:\Users\enzog\Documents\MCUXpressoIDE_11.10.0_3148\workspace\CMSISv2p00_LPC17xx\Debug\libCMSISv2p00_LPC17xx.a(lpc17xx_systick.o)
 .debug_line    0x00001503      0x43a C:\Users\enzog\Documents\MCUXpressoIDE_11.10.0_3148\workspace\CMSISv2p00_LPC17xx\Debug\libCMSISv2p00_LPC17xx.a(system_LPC17xx.o)
 .debug_line    0x0000193d      0x1bd C:\Users\enzog\Documents\MCUXpressoIDE_11.10.0_3148\workspace\CMSISv2p00_LPC17xx\Debug\libCMSISv2p00_LPC17xx.a(lpc17xx_libcfg_default.o)
 .debug_line    0x00001afa       0x4a C:/nxp/MCUXpressoIDE_11.10.0_3148/ide/plugins/com.nxp.mcuxpresso.tools.win32_11.10.0.202311280810/tools/bin/../lib/gcc/arm-none-eabi/13.2.1/../../../../arm-none-eabi/lib/thumb/v7-m/nofp\libcr_c.a(__weak__main.o)
 .debug_line    0x00001b44     0x1301 C:/nxp/MCUXpressoIDE_11.10.0_3148/ide/plugins/com.nxp.mcuxpresso.tools.win32_11.10.0.202311280810/tools/bin/../lib/gcc/arm-none-eabi/13.2.1/thumb/v7-m/nofp\libcr_eabihelpers.a(float.o)

.debug_str      0x00000000     0xbd93
 .debug_str     0x00000000     0xbd93 ./src/cr_startup_lpc175x_6x.o
                               0x3091 (size before relaxing)
 .debug_str     0x0000bd93     0x2f7a ./src/crp.o
 .debug_str     0x0000bd93     0x975b ./src/main.o
 .debug_str     0x0000bd93     0x8dd2 C:\Users\enzog\Documents\MCUXpressoIDE_11.10.0_3148\workspace\CMSISv2p00_LPC17xx\Debug\libCMSISv2p00_LPC17xx.a(lpc17xx_gpio.o)
 .debug_str     0x0000bd93     0x8cda C:\Users\enzog\Documents\MCUXpressoIDE_11.10.0_3148\workspace\CMSISv2p00_LPC17xx\Debug\libCMSISv2p00_LPC17xx.a(lpc17xx_pinsel.o)
 .debug_str     0x0000bd93     0x9c8c C:\Users\enzog\Documents\MCUXpressoIDE_11.10.0_3148\workspace\CMSISv2p00_LPC17xx\Debug\libCMSISv2p00_LPC17xx.a(lpc17xx_systick.o)
 .debug_str     0x0000bd93     0x88c9 C:\Users\enzog\Documents\MCUXpressoIDE_11.10.0_3148\workspace\CMSISv2p00_LPC17xx\Debug\libCMSISv2p00_LPC17xx.a(system_LPC17xx.o)
 .debug_str     0x0000bd93     0x486c C:\Users\enzog\Documents\MCUXpressoIDE_11.10.0_3148\workspace\CMSISv2p00_LPC17xx\Debug\libCMSISv2p00_LPC17xx.a(lpc17xx_libcfg_default.o)
 .debug_str     0x0000bd93      0x126 C:/nxp/MCUXpressoIDE_11.10.0_3148/ide/plugins/com.nxp.mcuxpresso.tools.win32_11.10.0.202311280810/tools/bin/../lib/gcc/arm-none-eabi/13.2.1/../../../../arm-none-eabi/lib/thumb/v7-m/nofp\libcr_c.a(__weak__main.o)
 .debug_str     0x0000bd93      0x361 C:/nxp/MCUXpressoIDE_11.10.0_3148/ide/plugins/com.nxp.mcuxpresso.tools.win32_11.10.0.202311280810/tools/bin/../lib/gcc/arm-none-eabi/13.2.1/thumb/v7-m/nofp\libcr_eabihelpers.a(float.o)

.comment        0x00000000       0x44
 .comment       0x00000000       0x44 ./src/cr_startup_lpc175x_6x.o
                                 0x45 (size before relaxing)
 .comment       0x00000044       0x45 ./src/crp.o
 .comment       0x00000044       0x45 ./src/main.o
 .comment       0x00000044       0x45 C:\Users\enzog\Documents\MCUXpressoIDE_11.10.0_3148\workspace\CMSISv2p00_LPC17xx\Debug\libCMSISv2p00_LPC17xx.a(lpc17xx_gpio.o)
 .comment       0x00000044       0x45 C:\Users\enzog\Documents\MCUXpressoIDE_11.10.0_3148\workspace\CMSISv2p00_LPC17xx\Debug\libCMSISv2p00_LPC17xx.a(lpc17xx_pinsel.o)
 .comment       0x00000044       0x45 C:\Users\enzog\Documents\MCUXpressoIDE_11.10.0_3148\workspace\CMSISv2p00_LPC17xx\Debug\libCMSISv2p00_LPC17xx.a(lpc17xx_systick.o)
 .comment       0x00000044       0x45 C:\Users\enzog\Documents\MCUXpressoIDE_11.10.0_3148\workspace\CMSISv2p00_LPC17xx\Debug\libCMSISv2p00_LPC17xx.a(system_LPC17xx.o)
 .comment       0x00000044       0x45 C:\Users\enzog\Documents\MCUXpressoIDE_11.10.0_3148\workspace\CMSISv2p00_LPC17xx\Debug\libCMSISv2p00_LPC17xx.a(lpc17xx_libcfg_default.o)
 .comment       0x00000044       0x45 C:/nxp/MCUXpressoIDE_11.10.0_3148/ide/plugins/com.nxp.mcuxpresso.tools.win32_11.10.0.202311280810/tools/bin/../lib/gcc/arm-none-eabi/13.2.1/../../../../arm-none-eabi/lib/thumb/v7-m/nofp\libcr_c.a(__weak__main.o)
 .comment       0x00000044       0x45 C:/nxp/MCUXpressoIDE_11.10.0_3148/ide/plugins/com.nxp.mcuxpresso.tools.win32_11.10.0.202311280810/tools/bin/../lib/gcc/arm-none-eabi/13.2.1/thumb/v7-m/nofp\libcr_eabihelpers.a(float.o)

.ARM.attributes
                0x00000000       0x2d
 .ARM.attributes
                0x00000000       0x2d ./src/cr_startup_lpc175x_6x.o
 .ARM.attributes
                0x0000002d       0x2d ./src/crp.o
 .ARM.attributes
                0x0000005a       0x2d ./src/main.o
 .ARM.attributes
                0x00000087       0x2d C:\Users\enzog\Documents\MCUXpressoIDE_11.10.0_3148\workspace\CMSISv2p00_LPC17xx\Debug\libCMSISv2p00_LPC17xx.a(lpc17xx_gpio.o)
 .ARM.attributes
                0x000000b4       0x2d C:\Users\enzog\Documents\MCUXpressoIDE_11.10.0_3148\workspace\CMSISv2p00_LPC17xx\Debug\libCMSISv2p00_LPC17xx.a(lpc17xx_pinsel.o)
 .ARM.attributes
                0x000000e1       0x2d C:\Users\enzog\Documents\MCUXpressoIDE_11.10.0_3148\workspace\CMSISv2p00_LPC17xx\Debug\libCMSISv2p00_LPC17xx.a(lpc17xx_systick.o)
 .ARM.attributes
                0x0000010e       0x2d C:\Users\enzog\Documents\MCUXpressoIDE_11.10.0_3148\workspace\CMSISv2p00_LPC17xx\Debug\libCMSISv2p00_LPC17xx.a(system_LPC17xx.o)
 .ARM.attributes
                0x0000013b       0x2d C:\Users\enzog\Documents\MCUXpressoIDE_11.10.0_3148\workspace\CMSISv2p00_LPC17xx\Debug\libCMSISv2p00_LPC17xx.a(lpc17xx_libcfg_default.o)
 .ARM.attributes
                0x00000168       0x2d C:/nxp/MCUXpressoIDE_11.10.0_3148/ide/plugins/com.nxp.mcuxpresso.tools.win32_11.10.0.202311280810/tools/bin/../lib/gcc/arm-none-eabi/13.2.1/../../../../arm-none-eabi/lib/thumb/v7-m/nofp\libcr_c.a(__weak__main.o)
 .ARM.attributes
                0x00000195       0x2d C:/nxp/MCUXpressoIDE_11.10.0_3148/ide/plugins/com.nxp.mcuxpresso.tools.win32_11.10.0.202311280810/tools/bin/../lib/gcc/arm-none-eabi/13.2.1/thumb/v7-m/nofp\libcr_eabihelpers.a(float.o)

.debug_frame    0x00000000      0x7d0
 .debug_frame   0x00000000      0x170 ./src/cr_startup_lpc175x_6x.o
 .debug_frame   0x00000170       0xd4 ./src/main.o
 .debug_frame   0x00000244      0x228 C:\Users\enzog\Documents\MCUXpressoIDE_11.10.0_3148\workspace\CMSISv2p00_LPC17xx\Debug\libCMSISv2p00_LPC17xx.a(lpc17xx_gpio.o)
 .debug_frame   0x0000046c       0x50 C:\Users\enzog\Documents\MCUXpressoIDE_11.10.0_3148\workspace\CMSISv2p00_LPC17xx\Debug\libCMSISv2p00_LPC17xx.a(lpc17xx_pinsel.o)
 .debug_frame   0x000004bc       0x98 C:\Users\enzog\Documents\MCUXpressoIDE_11.10.0_3148\workspace\CMSISv2p00_LPC17xx\Debug\libCMSISv2p00_LPC17xx.a(lpc17xx_systick.o)
 .debug_frame   0x00000554       0x30 C:\Users\enzog\Documents\MCUXpressoIDE_11.10.0_3148\workspace\CMSISv2p00_LPC17xx\Debug\libCMSISv2p00_LPC17xx.a(system_LPC17xx.o)
 .debug_frame   0x00000584       0x20 C:\Users\enzog\Documents\MCUXpressoIDE_11.10.0_3148\workspace\CMSISv2p00_LPC17xx\Debug\libCMSISv2p00_LPC17xx.a(lpc17xx_libcfg_default.o)
 .debug_frame   0x000005a4       0x20 C:/nxp/MCUXpressoIDE_11.10.0_3148/ide/plugins/com.nxp.mcuxpresso.tools.win32_11.10.0.202311280810/tools/bin/../lib/gcc/arm-none-eabi/13.2.1/../../../../arm-none-eabi/lib/thumb/v7-m/nofp\libcr_c.a(__weak__main.o)
 .debug_frame   0x000005c4      0x20c C:/nxp/MCUXpressoIDE_11.10.0_3148/ide/plugins/com.nxp.mcuxpresso.tools.win32_11.10.0.202311280810/tools/bin/../lib/gcc/arm-none-eabi/13.2.1/thumb/v7-m/nofp\libcr_eabihelpers.a(float.o)

.debug_loc      0x00000000     0x34d2
 .debug_loc     0x00000000      0x81d C:\Users\enzog\Documents\MCUXpressoIDE_11.10.0_3148\workspace\CMSISv2p00_LPC17xx\Debug\libCMSISv2p00_LPC17xx.a(lpc17xx_gpio.o)
 .debug_loc     0x0000081d      0x162 C:\Users\enzog\Documents\MCUXpressoIDE_11.10.0_3148\workspace\CMSISv2p00_LPC17xx\Debug\libCMSISv2p00_LPC17xx.a(lpc17xx_pinsel.o)
 .debug_loc     0x0000097f      0x1cf C:\Users\enzog\Documents\MCUXpressoIDE_11.10.0_3148\workspace\CMSISv2p00_LPC17xx\Debug\libCMSISv2p00_LPC17xx.a(lpc17xx_systick.o)
 .debug_loc     0x00000b4e       0x2a C:\Users\enzog\Documents\MCUXpressoIDE_11.10.0_3148\workspace\CMSISv2p00_LPC17xx\Debug\libCMSISv2p00_LPC17xx.a(lpc17xx_libcfg_default.o)
 .debug_loc     0x00000b78     0x295a C:/nxp/MCUXpressoIDE_11.10.0_3148/ide/plugins/com.nxp.mcuxpresso.tools.win32_11.10.0.202311280810/tools/bin/../lib/gcc/arm-none-eabi/13.2.1/thumb/v7-m/nofp\libcr_eabihelpers.a(float.o)

Cross Reference Table

Symbol                                            File
ADC_IRQHandler                                    ./src/cr_startup_lpc175x_6x.o
BOD_IRQHandler                                    ./src/cr_startup_lpc175x_6x.o
BusFault_Handler                                  ./src/cr_startup_lpc175x_6x.o
CANActivity_IRQHandler                            ./src/cr_startup_lpc175x_6x.o
CAN_IRQHandler                                    ./src/cr_startup_lpc175x_6x.o
CRP_WORD                                          ./src/crp.o
Configurar_pins                                   ./src/main.o
DMA_IRQHandler                                    ./src/cr_startup_lpc175x_6x.o
DebugMon_Handler                                  ./src/cr_startup_lpc175x_6x.o
EINT0_IRQHandler                                  ./src/cr_startup_lpc175x_6x.o
EINT1_IRQHandler                                  ./src/cr_startup_lpc175x_6x.o
EINT2_IRQHandler                                  ./src/cr_startup_lpc175x_6x.o
EINT3_IRQHandler                                  ./src/main.o
                                                  ./src/cr_startup_lpc175x_6x.o
ENET_IRQHandler                                   ./src/cr_startup_lpc175x_6x.o
FIO_ByteClearValue                                C:\Users\enzog\Documents\MCUXpressoIDE_11.10.0_3148\workspace\CMSISv2p00_LPC17xx\Debug\libCMSISv2p00_LPC17xx.a(lpc17xx_gpio.o)
FIO_ByteReadValue                                 C:\Users\enzog\Documents\MCUXpressoIDE_11.10.0_3148\workspace\CMSISv2p00_LPC17xx\Debug\libCMSISv2p00_LPC17xx.a(lpc17xx_gpio.o)
FIO_ByteSetDir                                    C:\Users\enzog\Documents\MCUXpressoIDE_11.10.0_3148\workspace\CMSISv2p00_LPC17xx\Debug\libCMSISv2p00_LPC17xx.a(lpc17xx_gpio.o)
FIO_ByteSetMask                                   C:\Users\enzog\Documents\MCUXpressoIDE_11.10.0_3148\workspace\CMSISv2p00_LPC17xx\Debug\libCMSISv2p00_LPC17xx.a(lpc17xx_gpio.o)
FIO_ByteSetValue                                  C:\Users\enzog\Documents\MCUXpressoIDE_11.10.0_3148\workspace\CMSISv2p00_LPC17xx\Debug\libCMSISv2p00_LPC17xx.a(lpc17xx_gpio.o)
FIO_ClearInt                                      C:\Users\enzog\Documents\MCUXpressoIDE_11.10.0_3148\workspace\CMSISv2p00_LPC17xx\Debug\libCMSISv2p00_LPC17xx.a(lpc17xx_gpio.o)
FIO_ClearValue                                    C:\Users\enzog\Documents\MCUXpressoIDE_11.10.0_3148\workspace\CMSISv2p00_LPC17xx\Debug\libCMSISv2p00_LPC17xx.a(lpc17xx_gpio.o)
FIO_GetIntStatus                                  C:\Users\enzog\Documents\MCUXpressoIDE_11.10.0_3148\workspace\CMSISv2p00_LPC17xx\Debug\libCMSISv2p00_LPC17xx.a(lpc17xx_gpio.o)
FIO_HalfWordClearValue                            C:\Users\enzog\Documents\MCUXpressoIDE_11.10.0_3148\workspace\CMSISv2p00_LPC17xx\Debug\libCMSISv2p00_LPC17xx.a(lpc17xx_gpio.o)
FIO_HalfWordReadValue                             C:\Users\enzog\Documents\MCUXpressoIDE_11.10.0_3148\workspace\CMSISv2p00_LPC17xx\Debug\libCMSISv2p00_LPC17xx.a(lpc17xx_gpio.o)
FIO_HalfWordSetDir                                C:\Users\enzog\Documents\MCUXpressoIDE_11.10.0_3148\workspace\CMSISv2p00_LPC17xx\Debug\libCMSISv2p00_LPC17xx.a(lpc17xx_gpio.o)
FIO_HalfWordSetMask                               C:\Users\enzog\Documents\MCUXpressoIDE_11.10.0_3148\workspace\CMSISv2p00_LPC17xx\Debug\libCMSISv2p00_LPC17xx.a(lpc17xx_gpio.o)
FIO_HalfWordSetValue                              C:\Users\enzog\Documents\MCUXpressoIDE_11.10.0_3148\workspace\CMSISv2p00_LPC17xx\Debug\libCMSISv2p00_LPC17xx.a(lpc17xx_gpio.o)
FIO_IntCmd                                        C:\Users\enzog\Documents\MCUXpressoIDE_11.10.0_3148\workspace\CMSISv2p00_LPC17xx\Debug\libCMSISv2p00_LPC17xx.a(lpc17xx_gpio.o)
FIO_ReadValue                                     C:\Users\enzog\Documents\MCUXpressoIDE_11.10.0_3148\workspace\CMSISv2p00_LPC17xx\Debug\libCMSISv2p00_LPC17xx.a(lpc17xx_gpio.o)
FIO_SetDir                                        C:\Users\enzog\Documents\MCUXpressoIDE_11.10.0_3148\workspace\CMSISv2p00_LPC17xx\Debug\libCMSISv2p00_LPC17xx.a(lpc17xx_gpio.o)
FIO_SetMask                                       C:\Users\enzog\Documents\MCUXpressoIDE_11.10.0_3148\workspace\CMSISv2p00_LPC17xx\Debug\libCMSISv2p00_LPC17xx.a(lpc17xx_gpio.o)
FIO_SetValue                                      C:\Users\enzog\Documents\MCUXpressoIDE_11.10.0_3148\workspace\CMSISv2p00_LPC17xx\Debug\libCMSISv2p00_LPC17xx.a(lpc17xx_gpio.o)
Flag_Puerta                                       ./src/main.o
GPIO_ClearInt                                     C:\Users\enzog\Documents\MCUXpressoIDE_11.10.0_3148\workspace\CMSISv2p00_LPC17xx\Debug\libCMSISv2p00_LPC17xx.a(lpc17xx_gpio.o)
GPIO_ClearValue                                   C:\Users\enzog\Documents\MCUXpressoIDE_11.10.0_3148\workspace\CMSISv2p00_LPC17xx\Debug\libCMSISv2p00_LPC17xx.a(lpc17xx_gpio.o)
                                                  ./src/main.o
GPIO_GetIntStatus                                 C:\Users\enzog\Documents\MCUXpressoIDE_11.10.0_3148\workspace\CMSISv2p00_LPC17xx\Debug\libCMSISv2p00_LPC17xx.a(lpc17xx_gpio.o)
GPIO_IntCmd                                       C:\Users\enzog\Documents\MCUXpressoIDE_11.10.0_3148\workspace\CMSISv2p00_LPC17xx\Debug\libCMSISv2p00_LPC17xx.a(lpc17xx_gpio.o)
                                                  ./src/main.o
GPIO_ReadValue                                    C:\Users\enzog\Documents\MCUXpressoIDE_11.10.0_3148\workspace\CMSISv2p00_LPC17xx\Debug\libCMSISv2p00_LPC17xx.a(lpc17xx_gpio.o)
                                                  ./src/main.o
GPIO_SetDir                                       C:\Users\enzog\Documents\MCUXpressoIDE_11.10.0_3148\workspace\CMSISv2p00_LPC17xx\Debug\libCMSISv2p00_LPC17xx.a(lpc17xx_gpio.o)
                                                  ./src/main.o
GPIO_SetValue                                     C:\Users\enzog\Documents\MCUXpressoIDE_11.10.0_3148\workspace\CMSISv2p00_LPC17xx\Debug\libCMSISv2p00_LPC17xx.a(lpc17xx_gpio.o)
                                                  ./src/main.o
HardFault_Handler                                 ./src/cr_startup_lpc175x_6x.o
I2C0_IRQHandler                                   ./src/cr_startup_lpc175x_6x.o
I2C1_IRQHandler                                   ./src/cr_startup_lpc175x_6x.o
I2C2_IRQHandler                                   ./src/cr_startup_lpc175x_6x.o
I2S_IRQHandler                                    ./src/cr_startup_lpc175x_6x.o
IntDefaultHandler                                 ./src/cr_startup_lpc175x_6x.o
Lectura_sensores                                  ./src/main.o
MCPWM_IRQHandler                                  ./src/cr_startup_lpc175x_6x.o
MemManage_Handler                                 ./src/cr_startup_lpc175x_6x.o
NMI_Handler                                       ./src/cr_startup_lpc175x_6x.o
PINSEL_ConfigPin                                  C:\Users\enzog\Documents\MCUXpressoIDE_11.10.0_3148\workspace\CMSISv2p00_LPC17xx\Debug\libCMSISv2p00_LPC17xx.a(lpc17xx_pinsel.o)
                                                  ./src/main.o
PINSEL_ConfigTraceFunc                            C:\Users\enzog\Documents\MCUXpressoIDE_11.10.0_3148\workspace\CMSISv2p00_LPC17xx\Debug\libCMSISv2p00_LPC17xx.a(lpc17xx_pinsel.o)
PINSEL_SetI2C0Pins                                C:\Users\enzog\Documents\MCUXpressoIDE_11.10.0_3148\workspace\CMSISv2p00_LPC17xx\Debug\libCMSISv2p00_LPC17xx.a(lpc17xx_pinsel.o)
PLL0_IRQHandler                                   ./src/cr_startup_lpc175x_6x.o
PLL1_IRQHandler                                   ./src/cr_startup_lpc175x_6x.o
PWM1_IRQHandler                                   ./src/cr_startup_lpc175x_6x.o
PendSV_Handler                                    ./src/cr_startup_lpc175x_6x.o
QEI_IRQHandler                                    ./src/cr_startup_lpc175x_6x.o
RIT_IRQHandler                                    ./src/cr_startup_lpc175x_6x.o
RTC_IRQHandler                                    ./src/cr_startup_lpc175x_6x.o
ResetISR                                          ./src/cr_startup_lpc175x_6x.o
SPI_IRQHandler                                    ./src/cr_startup_lpc175x_6x.o
SSP0_IRQHandler                                   ./src/cr_startup_lpc175x_6x.o
SSP1_IRQHandler                                   ./src/cr_startup_lpc175x_6x.o
SVC_Handler                                       ./src/cr_startup_lpc175x_6x.o
SYSTICK_ClearCounterFlag                          C:\Users\enzog\Documents\MCUXpressoIDE_11.10.0_3148\workspace\CMSISv2p00_LPC17xx\Debug\libCMSISv2p00_LPC17xx.a(lpc17xx_systick.o)
                                                  ./src/main.o
SYSTICK_Cmd                                       C:\Users\enzog\Documents\MCUXpressoIDE_11.10.0_3148\workspace\CMSISv2p00_LPC17xx\Debug\libCMSISv2p00_LPC17xx.a(lpc17xx_systick.o)
                                                  ./src/main.o
SYSTICK_ExternalInit                              C:\Users\enzog\Documents\MCUXpressoIDE_11.10.0_3148\workspace\CMSISv2p00_LPC17xx\Debug\libCMSISv2p00_LPC17xx.a(lpc17xx_systick.o)
SYSTICK_GetCurrentValue                           C:\Users\enzog\Documents\MCUXpressoIDE_11.10.0_3148\workspace\CMSISv2p00_LPC17xx\Debug\libCMSISv2p00_LPC17xx.a(lpc17xx_systick.o)
SYSTICK_IntCmd                                    C:\Users\enzog\Documents\MCUXpressoIDE_11.10.0_3148\workspace\CMSISv2p00_LPC17xx\Debug\libCMSISv2p00_LPC17xx.a(lpc17xx_systick.o)
                                                  ./src/main.o
SYSTICK_InternalInit                              C:\Users\enzog\Documents\MCUXpressoIDE_11.10.0_3148\workspace\CMSISv2p00_LPC17xx\Debug\libCMSISv2p00_LPC17xx.a(lpc17xx_systick.o)
                                                  ./src/main.o
SysTick_Handler                                   ./src/main.o
                                                  ./src/cr_startup_lpc175x_6x.o
SystemCoreClock                                   C:\Users\enzog\Documents\MCUXpressoIDE_11.10.0_3148\workspace\CMSISv2p00_LPC17xx\Debug\libCMSISv2p00_LPC17xx.a(system_LPC17xx.o)
                                                  C:\Users\enzog\Documents\MCUXpressoIDE_11.10.0_3148\workspace\CMSISv2p00_LPC17xx\Debug\libCMSISv2p00_LPC17xx.a(lpc17xx_systick.o)
SystemCoreClockUpdate                             C:\Users\enzog\Documents\MCUXpressoIDE_11.10.0_3148\workspace\CMSISv2p00_LPC17xx\Debug\libCMSISv2p00_LPC17xx.a(system_LPC17xx.o)
SystemInit                                        C:\Users\enzog\Documents\MCUXpressoIDE_11.10.0_3148\workspace\CMSISv2p00_LPC17xx\Debug\libCMSISv2p00_LPC17xx.a(system_LPC17xx.o)
                                                  ./src/main.o
                                                  ./src/cr_startup_lpc175x_6x.o
TIMER0_IRQHandler                                 ./src/cr_startup_lpc175x_6x.o
TIMER1_IRQHandler                                 ./src/cr_startup_lpc175x_6x.o
TIMER2_IRQHandler                                 ./src/cr_startup_lpc175x_6x.o
TIMER3_IRQHandler                                 ./src/cr_startup_lpc175x_6x.o
UART0_IRQHandler                                  ./src/cr_startup_lpc175x_6x.o
UART1_IRQHandler                                  ./src/cr_startup_lpc175x_6x.o
UART2_IRQHandler                                  ./src/cr_startup_lpc175x_6x.o
UART3_IRQHandler                                  ./src/cr_startup_lpc175x_6x.o
USBActivity_IRQHandler                            ./src/cr_startup_lpc175x_6x.o
USB_IRQHandler                                    ./src/cr_startup_lpc175x_6x.o
UsageFault_Handler                                ./src/cr_startup_lpc175x_6x.o
WDT_IRQHandler                                    ./src/cr_startup_lpc175x_6x.o
__aeabi_cfcmpeq                                   C:/nxp/MCUXpressoIDE_11.10.0_3148/ide/plugins/com.nxp.mcuxpresso.tools.win32_11.10.0.202311280810/tools/bin/../lib/gcc/arm-none-eabi/13.2.1/thumb/v7-m/nofp\libcr_eabihelpers.a(float.o)
__aeabi_cfcmple                                   C:/nxp/MCUXpressoIDE_11.10.0_3148/ide/plugins/com.nxp.mcuxpresso.tools.win32_11.10.0.202311280810/tools/bin/../lib/gcc/arm-none-eabi/13.2.1/thumb/v7-m/nofp\libcr_eabihelpers.a(float.o)
__aeabi_cfrcmple                                  C:/nxp/MCUXpressoIDE_11.10.0_3148/ide/plugins/com.nxp.mcuxpresso.tools.win32_11.10.0.202311280810/tools/bin/../lib/gcc/arm-none-eabi/13.2.1/thumb/v7-m/nofp\libcr_eabihelpers.a(float.o)
__aeabi_f2d                                       C:/nxp/MCUXpressoIDE_11.10.0_3148/ide/plugins/com.nxp.mcuxpresso.tools.win32_11.10.0.202311280810/tools/bin/../lib/gcc/arm-none-eabi/13.2.1/thumb/v7-m/nofp\libcr_eabihelpers.a(float.o)
__aeabi_f2iz                                      C:/nxp/MCUXpressoIDE_11.10.0_3148/ide/plugins/com.nxp.mcuxpresso.tools.win32_11.10.0.202311280810/tools/bin/../lib/gcc/arm-none-eabi/13.2.1/thumb/v7-m/nofp\libcr_eabihelpers.a(float.o)
__aeabi_f2lz                                      C:/nxp/MCUXpressoIDE_11.10.0_3148/ide/plugins/com.nxp.mcuxpresso.tools.win32_11.10.0.202311280810/tools/bin/../lib/gcc/arm-none-eabi/13.2.1/thumb/v7-m/nofp\libcr_eabihelpers.a(float.o)
__aeabi_f2uiz                                     C:/nxp/MCUXpressoIDE_11.10.0_3148/ide/plugins/com.nxp.mcuxpresso.tools.win32_11.10.0.202311280810/tools/bin/../lib/gcc/arm-none-eabi/13.2.1/thumb/v7-m/nofp\libcr_eabihelpers.a(float.o)
__aeabi_f2ulz                                     C:/nxp/MCUXpressoIDE_11.10.0_3148/ide/plugins/com.nxp.mcuxpresso.tools.win32_11.10.0.202311280810/tools/bin/../lib/gcc/arm-none-eabi/13.2.1/thumb/v7-m/nofp\libcr_eabihelpers.a(float.o)
__aeabi_fadd                                      C:/nxp/MCUXpressoIDE_11.10.0_3148/ide/plugins/com.nxp.mcuxpresso.tools.win32_11.10.0.202311280810/tools/bin/../lib/gcc/arm-none-eabi/13.2.1/thumb/v7-m/nofp\libcr_eabihelpers.a(float.o)
__aeabi_fcmpeq                                    C:/nxp/MCUXpressoIDE_11.10.0_3148/ide/plugins/com.nxp.mcuxpresso.tools.win32_11.10.0.202311280810/tools/bin/../lib/gcc/arm-none-eabi/13.2.1/thumb/v7-m/nofp\libcr_eabihelpers.a(float.o)
__aeabi_fcmpge                                    C:/nxp/MCUXpressoIDE_11.10.0_3148/ide/plugins/com.nxp.mcuxpresso.tools.win32_11.10.0.202311280810/tools/bin/../lib/gcc/arm-none-eabi/13.2.1/thumb/v7-m/nofp\libcr_eabihelpers.a(float.o)
__aeabi_fcmpgt                                    C:/nxp/MCUXpressoIDE_11.10.0_3148/ide/plugins/com.nxp.mcuxpresso.tools.win32_11.10.0.202311280810/tools/bin/../lib/gcc/arm-none-eabi/13.2.1/thumb/v7-m/nofp\libcr_eabihelpers.a(float.o)
                                                  C:\Users\enzog\Documents\MCUXpressoIDE_11.10.0_3148\workspace\CMSISv2p00_LPC17xx\Debug\libCMSISv2p00_LPC17xx.a(lpc17xx_systick.o)
__aeabi_fcmple                                    C:/nxp/MCUXpressoIDE_11.10.0_3148/ide/plugins/com.nxp.mcuxpresso.tools.win32_11.10.0.202311280810/tools/bin/../lib/gcc/arm-none-eabi/13.2.1/thumb/v7-m/nofp\libcr_eabihelpers.a(float.o)
__aeabi_fcmplt                                    C:/nxp/MCUXpressoIDE_11.10.0_3148/ide/plugins/com.nxp.mcuxpresso.tools.win32_11.10.0.202311280810/tools/bin/../lib/gcc/arm-none-eabi/13.2.1/thumb/v7-m/nofp\libcr_eabihelpers.a(float.o)
__aeabi_fcmpun                                    C:/nxp/MCUXpressoIDE_11.10.0_3148/ide/plugins/com.nxp.mcuxpresso.tools.win32_11.10.0.202311280810/tools/bin/../lib/gcc/arm-none-eabi/13.2.1/thumb/v7-m/nofp\libcr_eabihelpers.a(float.o)
__aeabi_fdiv                                      C:/nxp/MCUXpressoIDE_11.10.0_3148/ide/plugins/com.nxp.mcuxpresso.tools.win32_11.10.0.202311280810/tools/bin/../lib/gcc/arm-none-eabi/13.2.1/thumb/v7-m/nofp\libcr_eabihelpers.a(float.o)
__aeabi_fmul                                      C:/nxp/MCUXpressoIDE_11.10.0_3148/ide/plugins/com.nxp.mcuxpresso.tools.win32_11.10.0.202311280810/tools/bin/../lib/gcc/arm-none-eabi/13.2.1/thumb/v7-m/nofp\libcr_eabihelpers.a(float.o)
__aeabi_fneg                                      C:/nxp/MCUXpressoIDE_11.10.0_3148/ide/plugins/com.nxp.mcuxpresso.tools.win32_11.10.0.202311280810/tools/bin/../lib/gcc/arm-none-eabi/13.2.1/thumb/v7-m/nofp\libcr_eabihelpers.a(float.o)
__aeabi_frsub                                     C:/nxp/MCUXpressoIDE_11.10.0_3148/ide/plugins/com.nxp.mcuxpresso.tools.win32_11.10.0.202311280810/tools/bin/../lib/gcc/arm-none-eabi/13.2.1/thumb/v7-m/nofp\libcr_eabihelpers.a(float.o)
__aeabi_fsub                                      C:/nxp/MCUXpressoIDE_11.10.0_3148/ide/plugins/com.nxp.mcuxpresso.tools.win32_11.10.0.202311280810/tools/bin/../lib/gcc/arm-none-eabi/13.2.1/thumb/v7-m/nofp\libcr_eabihelpers.a(float.o)
__aeabi_i2f                                       C:/nxp/MCUXpressoIDE_11.10.0_3148/ide/plugins/com.nxp.mcuxpresso.tools.win32_11.10.0.202311280810/tools/bin/../lib/gcc/arm-none-eabi/13.2.1/thumb/v7-m/nofp\libcr_eabihelpers.a(float.o)
__aeabi_l2f                                       C:/nxp/MCUXpressoIDE_11.10.0_3148/ide/plugins/com.nxp.mcuxpresso.tools.win32_11.10.0.202311280810/tools/bin/../lib/gcc/arm-none-eabi/13.2.1/thumb/v7-m/nofp\libcr_eabihelpers.a(float.o)
__aeabi_ui2f                                      C:/nxp/MCUXpressoIDE_11.10.0_3148/ide/plugins/com.nxp.mcuxpresso.tools.win32_11.10.0.202311280810/tools/bin/../lib/gcc/arm-none-eabi/13.2.1/thumb/v7-m/nofp\libcr_eabihelpers.a(float.o)
                                                  C:\Users\enzog\Documents\MCUXpressoIDE_11.10.0_3148\workspace\CMSISv2p00_LPC17xx\Debug\libCMSISv2p00_LPC17xx.a(lpc17xx_systick.o)
__aeabi_ul2f                                      C:/nxp/MCUXpressoIDE_11.10.0_3148/ide/plugins/com.nxp.mcuxpresso.tools.win32_11.10.0.202311280810/tools/bin/../lib/gcc/arm-none-eabi/13.2.1/thumb/v7-m/nofp\libcr_eabihelpers.a(float.o)
__bhs_ui2f                                        C:/nxp/MCUXpressoIDE_11.10.0_3148/ide/plugins/com.nxp.mcuxpresso.tools.win32_11.10.0.202311280810/tools/bin/../lib/gcc/arm-none-eabi/13.2.1/thumb/v7-m/nofp\libcr_eabihelpers.a(float.o)
__bhs_ul2f                                        C:/nxp/MCUXpressoIDE_11.10.0_3148/ide/plugins/com.nxp.mcuxpresso.tools.win32_11.10.0.202311280810/tools/bin/../lib/gcc/arm-none-eabi/13.2.1/thumb/v7-m/nofp\libcr_eabihelpers.a(float.o)
__bss_section_table_end                           ./src/cr_startup_lpc175x_6x.o
__data_section_table                              ./src/cr_startup_lpc175x_6x.o
__data_section_table_end                          ./src/cr_startup_lpc175x_6x.o
__main                                            C:/nxp/MCUXpressoIDE_11.10.0_3148/ide/plugins/com.nxp.mcuxpresso.tools.win32_11.10.0.202311280810/tools/bin/../lib/gcc/arm-none-eabi/13.2.1/../../../../arm-none-eabi/lib/thumb/v7-m/nofp\libcr_c.a(__weak__main.o)
                                                  ./src/cr_startup_lpc175x_6x.o
__valid_user_code_checksum                        ./src/cr_startup_lpc175x_6x.o
__weak_main                                       C:/nxp/MCUXpressoIDE_11.10.0_3148/ide/plugins/com.nxp.mcuxpresso.tools.win32_11.10.0.202311280810/tools/bin/../lib/gcc/arm-none-eabi/13.2.1/../../../../arm-none-eabi/lib/thumb/v7-m/nofp\libcr_c.a(__weak__main.o)
_vStackTop                                        ./src/cr_startup_lpc175x_6x.o
bss_init                                          ./src/cr_startup_lpc175x_6x.o
check_failed                                      C:\Users\enzog\Documents\MCUXpressoIDE_11.10.0_3148\workspace\CMSISv2p00_LPC17xx\Debug\libCMSISv2p00_LPC17xx.a(lpc17xx_libcfg_default.o)
                                                  C:\Users\enzog\Documents\MCUXpressoIDE_11.10.0_3148\workspace\CMSISv2p00_LPC17xx\Debug\libCMSISv2p00_LPC17xx.a(lpc17xx_systick.o)
data_init                                         ./src/cr_startup_lpc175x_6x.o
g_pfnVectors                                      ./src/cr_startup_lpc175x_6x.o
main                                              ./src/main.o
                                                  C:/nxp/MCUXpressoIDE_11.10.0_3148/ide/plugins/com.nxp.mcuxpresso.tools.win32_11.10.0.202311280810/tools/bin/../lib/gcc/arm-none-eabi/13.2.1/../../../../arm-none-eabi/lib/thumb/v7-m/nofp\libcr_c.a(__weak__main.o)
